Microchip MPLAB XC8 Compiler V1.45 ()

Linker command line:

-W-3 --edf=C:\Program Files (x86)\Microchip\xc8\v1.45\dat\en_msgs.txt -cs \
  -h+dist/default/production\lab3ej1mio.X.production.sym \
  --cmf=dist/default/production\lab3ej1mio.X.production.cmf -z -Q16F887 \
  -oC:\Users\piniel\AppData\Local\Temp\s1s4.2 \
  -Mdist/default/production/lab3ej1mio.X.production.map -E1 -ver=XC8 \
  -ASTACK=0110h-016fh -pstack=STACK -ACODE=00h-07FFhx4 -ASTRCODE=00h-01FFFh \
  -ASTRING=00h-0FFhx32 -ACONST=00h-0FFhx32 -AENTRY=00h-0FFhx32 \
  -ACOMMON=070h-07Fh -ABANK0=020h-06Fh -ABANK1=0A0h-0EFh \
  -ABANK2=0110h-016Fh -ABANK3=0190h-01EFh \
  -ARAM=020h-06Fh,0A0h-0EFh,0110h-016Fh,0190h-01EFh \
  -AABS1=020h-07Fh,0A0h-0EFh,0110h-016Fh,0190h-01EFh -ASFR0=00h-01Fh \
  -ASFR1=080h-09Fh -ASFR2=0100h-010Fh -ASFR3=0180h-018Fh \
  -preset_vec=00h,intentry,init,end_init -ppowerup=CODE -pcinit=CODE \
  -pfunctab=ENTRY -ACONFIG=02007h-02008h -pconfig=CONFIG -DCONFIG=2 \
  -AIDLOC=02000h-02003h -pidloc=IDLOC -DIDLOC=2 -AEEDATA=00h-0FFh/02100h \
  -peeprom_data=EEDATA -DEEDATA=2 -DCODE=2 -DSTRCODE=2 -DSTRING=2 -DCONST=2 \
  -DENTRY=2 -k C:\Users\piniel\AppData\Local\Temp\s1s4.obj \
  dist/default/production\lab3ej1mio.X.production.obj 

Object code version is 3.11

Machine type is 16F887



                Name                               Link     Load   Length Selector   Space Scale
C:\Users\piniel\AppData\Local\Temp\s1s4.obj
                end_init                              0        0        3        0       0
                config                             2007     2007        2     400E       0
dist/default/production\lab3ej1mio.X.production.obj
                cinit                               7DE      7DE       22      FBC       0
                text6                               5C7      5C7        B      B8E       0
                text5                               626      626       1B      C4C       0
                text4                               641      641       3C      C82       0
                text3                               67D      67D       55      CFA       0
                text2                               60C      60C       1A      C18       0
                text1                               6D2      6D2      10C      DA4       0
                maintext                            5F7      5F7       15      BEE       0
                cstackBANK0                          34       34       14       20       1
                cstackCOMMON                         70       70        6       70       1
                inittext                            5D2      5D2       11      BA4       0
                dataBANK0                            20       20       14       20       1
                bssBANK0                             48       48        F       20       1
                bssCOMMON                            76       76        3       70       1
                idataBANK0                          5E3      5E3       14      BC6       0

TOTAL           Name                               Link     Load   Length     Space
        CLASS   STACK          

        CLASS   CODE           
                end_init                              0        0        3         0
                cinit                               7DE      7DE       22         0
                text6                               5C7      5C7        B         0
                text5                               626      626       1B         0
                text4                               641      641       3C         0
                text3                               67D      67D       55         0
                text2                               60C      60C       1A         0
                text1                               6D2      6D2      10C         0
                maintext                            5F7      5F7       15         0
                inittext                            5D2      5D2       11         0
                idataBANK0                          5E3      5E3       14         0

        CLASS   STRCODE        

        CLASS   STRING         

        CLASS   CONST          

        CLASS   ENTRY          

        CLASS   COMMON         
                cstackCOMMON                         70       70        6         1
                bssCOMMON                            76       76        3         1

        CLASS   BANK0          
                cstackBANK0                          34       34       14         1
                dataBANK0                            20       20       14         1
                bssBANK0                             48       48        F         1

        CLASS   BANK1          

        CLASS   BANK2          

        CLASS   BANK3          

        CLASS   RAM            

        CLASS   ABS1           
                abs_s1                               7E       7E        2         1

        CLASS   SFR0           

        CLASS   SFR1           

        CLASS   SFR2           

        CLASS   SFR3           

        CLASS   CONFIG         
                config                             2007     2007        2         0

        CLASS   IDLOC          

        CLASS   EEDATA         



SEGMENTS        Name                           Load    Length   Top    Selector   Space  Class     Delta

                reset_vec                      000000  000003  000003         0       0  CODE        2
                dataBANK0                      000020  000037  000057        20       1  BANK0       1
                cstackCOMMON                   000070  000009  000079        70       1  COMMON      1
                text6                          0005C7  00000B  0005D2       B8E       0  CODE        2
                inittext                       0005D2  000011  0005E3       BA4       0  CODE        2
                idataBANK0                     0005E3  000014  0005F7       BC6       0  CODE        2
                maintext                       0005F7  000015  00060C       BEE       0  CODE        2
                text2                          00060C  00001A  000626       C18       0  CODE        2
                text5                          000626  00001B  000641       C4C       0  CODE        2
                text4                          000641  00003C  00067D       C82       0  CODE        2
                text3                          00067D  000055  0006D2       CFA       0  CODE        2
                text1                          0006D2  00010C  0007DE       DA4       0  CODE        2
                cinit                          0007DE  000022  000800       FBC       0  CODE        2
                config                         002007  000002  002009      400E       0  CONFIG      2


UNUSED ADDRESS RANGES

        Name                Unused          Largest block    Delta
        BANK0            0057-006F             19           1
        BANK1            00A0-00EF             50           1
        BANK2            0110-016F             60           1
        BANK3            0190-01EF             60           1
        CODE             0003-05C6            5C4           2
                         0800-1FFF            800
        COMMON           0079-007D              5           1
        CONST            0003-05C6            100           2
                         0800-1FFF            100
        EEDATA           2100-21FF            100           2
        ENTRY            0003-05C6            100           2
                         0800-1FFF            100
        IDLOC            2000-2003              4           2
        RAM              0057-006F             19           1
                         00A0-00EF             50
                         0110-016F             60
                         0190-01EF             60
        SFR0             0000-001F             20           1
        SFR1             0080-009F             20           1
        SFR2             0100-010F             10           1
        SFR3             0180-018F             10           1
        STACK            0110-016F             60           1
        STRCODE          0003-05C6            5C4           2
                         0800-1FFF           1800
        STRING           0003-05C6            100           2
                         0800-1FFF            100

                                  Symbol Table

LCD@k                    cstackCOMMON 0075
_ANSEL                   (abs)        0188
_ANSELH                  (abs)        0189
_BF                      (abs)        04A0
_InitES                  text6        05C7
_LCD                     text3        067D
_PORTB                   (abs)        0006
_PORTBbits               (abs)        0006
_TRISB                   (abs)        0086
__CFG_BOR4V$BOR40V       (abs)        0000
__CFG_BOREN$ON           (abs)        0000
__CFG_CP$OFF             (abs)        0000
__CFG_CPD$OFF            (abs)        0000
__CFG_FCMEN$ON           (abs)        0000
__CFG_FOSC$HS            (abs)        0000
__CFG_IESO$ON            (abs)        0000
__CFG_LVP$OFF            (abs)        0000
__CFG_MCLRE$ON           (abs)        0000
__CFG_PWRTE$OFF          (abs)        0000
__CFG_WDTE$OFF           (abs)        0000
__CFG_WRT$OFF            (abs)        0000
__Habs1                  abs1         0000
__Hbank0                 bank0        0000
__Hbank1                 bank1        0000
__Hbank2                 bank2        0000
__Hbank3                 bank3        0000
__HbssBANK0              bssBANK0     0000
__HbssCOMMON             bssCOMMON    0000
__Hcinit                 cinit        0800
__Hclrtext               clrtext      0000
__Hcode                  code         0000
__Hcommon                common       0000
__Hconfig                config       2009
__HcstackBANK0           cstackBANK0  0000
__HcstackCOMMON          cstackCOMMON 0000
__HdataBANK0             dataBANK0    0000
__Heeprom_data           eeprom_data  0000
__Hend_init              end_init     0003
__Hfunctab               functab      0000
__HidataBANK0            idataBANK0   0000
__Hidloc                 idloc        0000
__Hinit                  init         0000
__Hinittext              inittext     0000
__Hintentry              intentry     0000
__Hmaintext              maintext     0000
__Hpowerup               powerup      0000
__Hram                   ram          0000
__Hreset_vec             reset_vec    0000
__Hsfr0                  sfr0         0000
__Hsfr1                  sfr1         0000
__Hsfr2                  sfr2         0000
__Hsfr3                  sfr3         0000
__Hspace_0               (abs)        2009
__Hspace_1               (abs)        0079
__Hspace_2               (abs)        0000
__Hspace_3               (abs)        0000
__Hstack                 stack        0000
__Hstrings               strings      0000
__Htext                  text         0000
__Labs1                  abs1         0000
__Lbank0                 bank0        0000
__Lbank1                 bank1        0000
__Lbank2                 bank2        0000
__Lbank3                 bank3        0000
__LbssBANK0              bssBANK0     0000
__LbssCOMMON             bssCOMMON    0000
__Lcinit                 cinit        07DE
__Lclrtext               clrtext      0000
__Lcode                  code         0000
__Lcommon                common       0000
__Lconfig                config       2007
__LcstackBANK0           cstackBANK0  0000
__LcstackCOMMON          cstackCOMMON 0000
__LdataBANK0             dataBANK0    0000
__Leeprom_data           eeprom_data  0000
__Lend_init              end_init     0000
__Lfunctab               functab      0000
__LidataBANK0            idataBANK0   0000
__Lidloc                 idloc        0000
__Linit                  init         0000
__Linittext              inittext     0000
__Lintentry              intentry     0000
__Lmaintext              maintext     0000
__Lpowerup               powerup      0000
__Lram                   ram          0000
__Lreset_vec             reset_vec    0000
__Lsfr0                  sfr0         0000
__Lsfr1                  sfr1         0000
__Lsfr2                  sfr2         0000
__Lsfr3                  sfr3         0000
__Lspace_0               (abs)        0000
__Lspace_1               (abs)        0000
__Lspace_2               (abs)        0000
__Lspace_3               (abs)        0000
__Lstack                 stack        0000
__Lstrings               strings      0000
__Ltext                  text         0000
__S0                     (abs)        2009
__S1                     (abs)        0079
__S2                     (abs)        0000
__S3                     (abs)        0000
___int_sp                stack        0000
___latbits               (abs)        0002
___sp                    stack        0000
__end_of_InitES          text6        05D2
__end_of_LCD             text3        06D2
__end_of__initialization cinit        07FC
__end_of_armovector      text2        0626
__end_of_envio           text5        0641
__end_of_inicializacion  text1        07DE
__end_of_invertir        text4        067D
__end_of_main            maintext     060C
__initialization         cinit        07DE
__pbssBANK0              bssBANK0     0048
__pbssCOMMON             bssCOMMON    0076
__pcstackBANK0           cstackBANK0  0034
__pcstackCOMMON          cstackCOMMON 0070
__pdataBANK0             dataBANK0    0020
__pidataBANK0            idataBANK0   05E3
__pmaintext              maintext     05F7
__ptext1                 text1        06D2
__ptext2                 text2        060C
__ptext3                 text3        067D
__ptext4                 text4        0641
__ptext5                 text5        0626
__ptext6                 text6        05C7
__size_of_InitES         (abs)        0000
__size_of_LCD            (abs)        0000
__size_of_armovector     (abs)        0000
__size_of_envio          (abs)        0000
__size_of_inicializacion (abs)        0000
__size_of_invertir       (abs)        0000
__size_of_main           (abs)        0000
_armovector              text2        060C
_envio                   text5        0626
_inicializacion          text1        06D2
_invertir                text4        0641
_letra                   bssCOMMON    0077
_letraenvio              bssCOMMON    0076
_main                    maintext     05F7
_p                       bssCOMMON    0078
armovector@F1861         dataBANK0    0020
armovector@vector        cstackBANK0  0034
btemp                    (abs)        007E
end_of_initialization    cinit        07FC
init_fetch0              inittext     05D2
init_ram0                inittext     05D6
intlevel0                functab      0000
intlevel1                functab      0000
intlevel2                functab      0000
intlevel3                functab      0000
intlevel4                functab      0000
intlevel5                functab      0000
reset_vec                reset_vec    0000
stackhi                  (abs)        0000
stacklo                  (abs)        0000
start                    init         0000
start_initialization     cinit        07DE
wtemp0                   (abs)        007E


FUNCTION INFORMATION:

 *************** function _main *****************
 Defined at:
		line 55 in file "lab3ej1mio.c"
 Parameters:    Size  Location     Type
		None
 Auto vars:     Size  Location     Type
		None
 Return value:  Size  Location     Type
                  1    wreg      void 
 Registers used:
		wreg, fsr0l, fsr0h, status,2, status,0, pclath, cstack
 Tracked objects:
		On entry : 
		On exit  : 
		Unchanged: 
 Data sizes:     COMMON   BANK0   BANK1   BANK3   BANK2
      Params:         0       0       0       0       0
      Locals:         0       0       0       0       0
      Temps:          0       0       0       0       0
      Totals:         0       0       0       0       0
Total ram usage:        0 bytes
 Hardware stack levels required when called:    2
 This function calls:
		_InitES
		_LCD
		_armovector
		_inicializacion
 This function is called by:
		Startup code after reset
 This function uses a non-reentrant model


 *************** function _inicializacion *****************
 Defined at:
		line 69 in file "lab3ej1mio.c"
 Parameters:    Size  Location     Type
		None
 Auto vars:     Size  Location     Type
		None
 Return value:  Size  Location     Type
                  1    wreg      void 
 Registers used:
		wreg
 Tracked objects:
		On entry : 
		On exit  : 
		Unchanged: 
 Data sizes:     COMMON   BANK0   BANK1   BANK3   BANK2
      Params:         0       0       0       0       0
      Locals:         0       0       0       0       0
      Temps:          2       0       0       0       0
      Totals:         2       0       0       0       0
Total ram usage:        2 bytes
 Hardware stack levels used:    1
 This function calls:
		Nothing
 This function is called by:
		_main
 This function uses a non-reentrant model


 *************** function _armovector *****************
 Defined at:
		line 188 in file "lab3ej1mio.c"
 Parameters:    Size  Location     Type
		None
 Auto vars:     Size  Location     Type
  vector         20    0[BANK0 ] unsigned char [20]
 Return value:  Size  Location     Type
                  1    wreg      void 
 Registers used:
		wreg, fsr0l, fsr0h
 Tracked objects:
		On entry : 
		On exit  : 
		Unchanged: 
 Data sizes:     COMMON   BANK0   BANK1   BANK3   BANK2
      Params:         0       0       0       0       0
      Locals:         0      20       0       0       0
      Temps:          4       0       0       0       0
      Totals:         4      20       0       0       0
Total ram usage:       24 bytes
 Hardware stack levels used:    1
 This function calls:
		Nothing
 This function is called by:
		_main
 This function uses a non-reentrant model


 *************** function _LCD *****************
 Defined at:
		line 196 in file "lab3ej1mio.c"
 Parameters:    Size  Location     Type
		None
 Auto vars:     Size  Location     Type
  k               1    5[COMMON] unsigned char 
 Return value:  Size  Location     Type
                  1    wreg      void 
 Registers used:
		wreg, fsr0l, fsr0h, status,2, status,0, pclath, cstack
 Tracked objects:
		On entry : 
		On exit  : 
		Unchanged: 
 Data sizes:     COMMON   BANK0   BANK1   BANK3   BANK2
      Params:         0       0       0       0       0
      Locals:         1       0       0       0       0
      Temps:          3       0       0       0       0
      Totals:         4       0       0       0       0
Total ram usage:        4 bytes
 Hardware stack levels used:    1
 Hardware stack levels required when called:    1
 This function calls:
		_envio
		_invertir
 This function is called by:
		_main
 This function uses a non-reentrant model


 *************** function _invertir *****************
 Defined at:
		line 221 in file "lab3ej1mio.c"
 Parameters:    Size  Location     Type
		None
 Auto vars:     Size  Location     Type
		None
 Return value:  Size  Location     Type
                  1    wreg      void 
 Registers used:
		wreg, status,2, status,0
 Tracked objects:
		On entry : 
		On exit  : 
		Unchanged: 
 Data sizes:     COMMON   BANK0   BANK1   BANK3   BANK2
      Params:         0       0       0       0       0
      Locals:         0       0       0       0       0
      Temps:          2       0       0       0       0
      Totals:         2       0       0       0       0
Total ram usage:        2 bytes
 Hardware stack levels used:    1
 This function calls:
		Nothing
 This function is called by:
		_LCD
 This function uses a non-reentrant model


 *************** function _envio *****************
 Defined at:
		line 228 in file "lab3ej1mio.c"
 Parameters:    Size  Location     Type
		None
 Auto vars:     Size  Location     Type
		None
 Return value:  Size  Location     Type
                  1    wreg      void 
 Registers used:
		wreg
 Tracked objects:
		On entry : 
		On exit  : 
		Unchanged: 
 Data sizes:     COMMON   BANK0   BANK1   BANK3   BANK2
      Params:         0       0       0       0       0
      Locals:         0       0       0       0       0
      Temps:          2       0       0       0       0
      Totals:         2       0       0       0       0
Total ram usage:        2 bytes
 Hardware stack levels used:    1
 This function calls:
		Nothing
 This function is called by:
		_LCD
 This function uses a non-reentrant model


 *************** function _InitES *****************
 Defined at:
		line 62 in file "lab3ej1mio.c"
 Parameters:    Size  Location     Type
		None
 Auto vars:     Size  Location     Type
		None
 Return value:  Size  Location     Type
                  1    wreg      void 
 Registers used:
		status,2
 Tracked objects:
		On entry : 
		On exit  : 
		Unchanged: 
 Data sizes:     COMMON   BANK0   BANK1   BANK3   BANK2
      Params:         0       0       0       0       0
      Locals:         0       0       0       0       0
      Temps:          0       0       0       0       0
      Totals:         0       0       0       0       0
Total ram usage:        0 bytes
 Hardware stack levels used:    1
 This function calls:
		Nothing
 This function is called by:
		_main
 This function uses a non-reentrant model



MODULE INFORMATION

Module		Function		Class		Link	Load	Size
shared
		__initialization		CODE           	07DE	0000	31

shared estimated size: 31

lab3ej1mio.c
		_invertir      		CODE           	0641	0000	61
		_InitES        		CODE           	05C7	0000	12
		_LCD           		CODE           	067D	0000	86
		_main          		CODE           	05F7	0000	22
		_inicializacion		CODE           	06D2	0000	269
		_envio         		CODE           	0626	0000	28
		_armovector    		CODE           	060C	0000	27

lab3ej1mio.c estimated size: 505

