Microchip MPLAB XC8 Compiler V1.45 ()

Linker command line:

-W-3 --edf=C:\Program Files (x86)\Microchip\xc8\v1.45\dat\en_msgs.txt -cs \
  -h+dist/default/production\LAB4ej1.X.production.sym \
  --cmf=dist/default/production\LAB4ej1.X.production.cmf -z -Q16F887 \
  -oC:\Users\Julian\AppData\Local\Temp\s3i0.2 \
  -Mdist/default/production/LAB4ej1.X.production.map -E1 -ver=XC8 \
  -ASTACK=0110h-016fh -pstack=STACK -ACODE=00h-07FFhx4 -ASTRCODE=00h-01FFFh \
  -ASTRING=00h-0FFhx32 -ACONST=00h-0FFhx32 -AENTRY=00h-0FFhx32 \
  -ACOMMON=070h-07Fh -ABANK0=020h-06Fh -ABANK1=0A0h-0EFh \
  -ABANK2=0110h-016Fh -ABANK3=0190h-01EFh \
  -ARAM=020h-06Fh,0A0h-0EFh,0110h-016Fh,0190h-01EFh \
  -AABS1=020h-07Fh,0A0h-0EFh,0110h-016Fh,0190h-01EFh -ASFR0=00h-01Fh \
  -ASFR1=080h-09Fh -ASFR2=0100h-010Fh -ASFR3=0180h-018Fh \
  -preset_vec=00h,intentry=04h,init,end_init -ppowerup=CODE -pcinit=CODE \
  -pfunctab=ENTRY -ACONFIG=02007h-02008h -pconfig=CONFIG -DCONFIG=2 \
  -AIDLOC=02000h-02003h -pidloc=IDLOC -DIDLOC=2 -AEEDATA=00h-0FFh/02100h \
  -peeprom_data=EEDATA -DEEDATA=2 -DCODE=2 -DSTRCODE=2 -DSTRING=2 -DCONST=2 \
  -DENTRY=2 -k C:\Users\Julian\AppData\Local\Temp\s3i0.obj \
  dist/default/production\LAB4ej1.X.production.obj 

Object code version is 3.11

Machine type is 16F887



                Name                               Link     Load   Length Selector   Space Scale
C:\Users\Julian\AppData\Local\Temp\s3i0.obj
                end_init                             12       12        3        8       0
                reset_vec                             0        0        3        0       0
                config                             2007     2007        2     400E       0
dist/default/production\LAB4ej1.X.production.obj
                cinit                                15       15       14        8       0
                intentry                              4        4        E        8       0
                text18                              613      613       1D      AD4       0
                text17                              472      472       44        8       0
                text16                              66F      66F       10      AD4       0
                text15                              378      378       65        8       0
                text14                              647      647       15      AD4       0
                text13                              630      630       17      AD4       0
                text12                              4F4      4F4       3D        8       0
                text11                              42E      42E       44        8       0
                text10                              5C7      5C7       29      AD4       0
                text9                               59E      59E       29      AD4       0
                text8                               3DD      3DD       51        8       0
                text7                               65C      65C       13      AD4       0
                text6                               1A3      1A3      11C        8       0
                text5                               4B6      4B6       3E        8       0
                text4                               56A      56A       34      AD4       0
                text3                               5F0      5F0       23      AD4       0
                text2                               67F      67F        E      AD4       0
                text1                                29       29      17A        8       0
                maintext                            2BF      2BF       B9        8       0
                cstackBANK0                          20       20       27       20       1
                cstackCOMMON                         70       70        8       70       1
                clrtext                             68D      68D        8      AD4       0
                bssBANK1                             A0       A0       10       A0       1
                bssBANK0                             47       47       21       20       1
                bssCOMMON                            78       78        1       70       1
                strings                             531      531       39      A62       0

TOTAL           Name                               Link     Load   Length     Space
        CLASS   STACK          

        CLASS   CODE           
                end_init                             12       12        3         0
                cinit                                15       15       14         0
                intentry                              4        4        E         0
                reset_vec                             0        0        3         0
                text18                              613      613       1D         0
                text17                              472      472       44         0
                text16                              66F      66F       10         0
                text15                              378      378       65         0
                text14                              647      647       15         0
                text13                              630      630       17         0
                text12                              4F4      4F4       3D         0
                text11                              42E      42E       44         0
                text10                              5C7      5C7       29         0
                text9                               59E      59E       29         0
                text8                               3DD      3DD       51         0
                text7                               65C      65C       13         0
                text6                               1A3      1A3      11C         0
                text5                               4B6      4B6       3E         0
                text4                               56A      56A       34         0
                text3                               5F0      5F0       23         0
                text2                               67F      67F        E         0
                text1                                29       29      17A         0
                maintext                            2BF      2BF       B9         0
                clrtext                             68D      68D        8         0

        CLASS   STRCODE        

        CLASS   STRING         
                strings                             531      531       39         0

        CLASS   CONST          

        CLASS   ENTRY          

        CLASS   COMMON         
                cstackCOMMON                         70       70        8         1
                bssCOMMON                            78       78        1         1

        CLASS   BANK0          
                cstackBANK0                          20       20       27         1
                bssBANK0                             47       47       21         1

        CLASS   BANK1          
                bssBANK1                             A0       A0       10         1

        CLASS   BANK2          

        CLASS   BANK3          

        CLASS   RAM            

        CLASS   ABS1           
                abs_s1                               7E       7E        2         1

        CLASS   SFR0           

        CLASS   SFR1           

        CLASS   SFR2           

        CLASS   SFR3           

        CLASS   CONFIG         
                config                             2007     2007        2         0

        CLASS   IDLOC          

        CLASS   EEDATA         



SEGMENTS        Name                           Load    Length   Top    Selector   Space  Class     Delta

                reset_vec                      000000  000003  000003         0       0  CODE        2
                intentry                       000004  00052D  000531         8       0  CODE        2
                cstackBANK0                    000020  000048  000068        20       1  BANK0       1
                cstackCOMMON                   000070  000009  000079        70       1  COMMON      1
                bssBANK1                       0000A0  000010  0000B0        A0       1  BANK1       1
                strings                        000531  000039  00056A       A62       0  STRING      2
                text4                          00056A  00012B  000695       AD4       0  CODE        2
                config                         002007  000002  002009      400E       0  CONFIG      2


UNUSED ADDRESS RANGES

        Name                Unused          Largest block    Delta
        BANK0            0068-006F              8           1
        BANK1            00B0-00EF             40           1
        BANK2            0110-016F             60           1
        BANK3            0190-01EF             60           1
        CODE             0003-0003              1           2
                         0695-1FFF            800
        COMMON           0079-007D              5           1
        CONST            0003-0003              1           2
                         0695-1FFF            100
        EEDATA           2100-21FF            100           2
        ENTRY            0003-0003              1           2
                         0695-1FFF            100
        IDLOC            2000-2003              4           2
        RAM              0068-006F              8           1
                         00B0-00EF             40
                         0110-016F             60
                         0190-01EF             60
        SFR0             0000-001F             20           1
        SFR1             0080-009F             20           1
        SFR2             0100-010F             10           1
        SFR3             0180-018F             10           1
        STACK            0110-016F             60           1
        STRCODE          0003-0003              1           2
                         0695-1FFF           196B
        STRING           0003-0003              1           2
                         0695-1FFF            100

                                  Symbol Table

?___lwdiv                      cstackBANK0  0020
?___lwmod                      cstackBANK0  0027
?___wmul                       cstackBANK0  0020
?_sprintf                      cstackBANK0  002B
Adquisicion@i                  cstackCOMMON 0076
LCD2@letraenvio                cstackBANK0  0023
LCD2@p2                        cstackBANK0  0022
LCD@letraenvio                 cstackBANK0  0023
LCD@p1                         cstackBANK0  0022
_ANSEL                         (abs)        0188
_ANSELH                        (abs)        0189
_Adquisicion                   text17       0472
_BanderaAdquisicion            bssBANK0     0047
_Contador                      bssCOMMON    0078
_INTCONbits                    (abs)        000B
_InitES                        text16       066F
_InitSPI                       text15       0378
_InitTMR1                      text14       0647
_LCD                           text11       042E
_LCD2                          text8        03DD
_PIE1bits                      (abs)        008C
_PIR1bits                      (abs)        000C
_PORTB                         (abs)        0006
_PORTBbits                     (abs)        0006
_PORTC                         (abs)        0007
_PORTCbits                     (abs)        0007
_SSPBUF                        (abs)        0013
_SSPCON                        (abs)        0014
_SSPSTAT                       (abs)        0094
_SSPSTATbits                   (abs)        0094
_T1CON                         (abs)        0010
_T1CONbits                     (abs)        0010
_TMR1                          (abs)        000E
_TMR1H                         (abs)        000F
_TMR1L                         (abs)        000E
_TRISB                         (abs)        0086
_TRISCbits                     (abs)        0087
__CFG_BOR4V$BOR40V             (abs)        0000
__CFG_BOREN$ON                 (abs)        0000
__CFG_CP$OFF                   (abs)        0000
__CFG_CPD$OFF                  (abs)        0000
__CFG_FCMEN$ON                 (abs)        0000
__CFG_FOSC$HS                  (abs)        0000
__CFG_IESO$ON                  (abs)        0000
__CFG_LVP$OFF                  (abs)        0000
__CFG_MCLRE$ON                 (abs)        0000
__CFG_PWRTE$OFF                (abs)        0000
__CFG_WDTE$OFF                 (abs)        0000
__CFG_WRT$OFF                  (abs)        0000
__Habs1                        abs1         0000
__Hbank0                       bank0        0000
__Hbank1                       bank1        0000
__Hbank2                       bank2        0000
__Hbank3                       bank3        0000
__HbssBANK0                    bssBANK0     0000
__HbssBANK1                    bssBANK1     0000
__HbssCOMMON                   bssCOMMON    0000
__Hcinit                       cinit        0029
__Hclrtext                     clrtext      0000
__Hcode                        code         0000
__Hcommon                      common       0000
__Hconfig                      config       2009
__HcstackBANK0                 cstackBANK0  0000
__HcstackCOMMON                cstackCOMMON 0000
__Heeprom_data                 eeprom_data  0000
__Hend_init                    end_init     0015
__Hfunctab                     functab      0000
__Hidloc                       idloc        0000
__Hinit                        init         0012
__Hintentry                    intentry     0012
__Hmaintext                    maintext     0000
__Hpowerup                     powerup      0000
__Hram                         ram          0000
__Hreset_vec                   reset_vec    0003
__Hsfr0                        sfr0         0000
__Hsfr1                        sfr1         0000
__Hsfr2                        sfr2         0000
__Hsfr3                        sfr3         0000
__Hspace_0                     (abs)        2009
__Hspace_1                     (abs)        00B0
__Hspace_2                     (abs)        0000
__Hspace_3                     (abs)        0000
__Hstack                       stack        0000
__Hstrings                     strings      0000
__Htext                        text         0000
__Labs1                        abs1         0000
__Lbank0                       bank0        0000
__Lbank1                       bank1        0000
__Lbank2                       bank2        0000
__Lbank3                       bank3        0000
__LbssBANK0                    bssBANK0     0000
__LbssBANK1                    bssBANK1     0000
__LbssCOMMON                   bssCOMMON    0000
__Lcinit                       cinit        0015
__Lclrtext                     clrtext      0000
__Lcode                        code         0000
__Lcommon                      common       0000
__Lconfig                      config       2007
__LcstackBANK0                 cstackBANK0  0000
__LcstackCOMMON                cstackCOMMON 0000
__Leeprom_data                 eeprom_data  0000
__Lend_init                    end_init     0012
__Lfunctab                     functab      0000
__Lidloc                       idloc        0000
__Linit                        init         0012
__Lintentry                    intentry     0004
__Lmaintext                    maintext     0000
__Lpowerup                     powerup      0000
__Lram                         ram          0000
__Lreset_vec                   reset_vec    0000
__Lsfr0                        sfr0         0000
__Lsfr1                        sfr1         0000
__Lsfr2                        sfr2         0000
__Lsfr3                        sfr3         0000
__Lspace_0                     (abs)        0000
__Lspace_1                     (abs)        0000
__Lspace_2                     (abs)        0000
__Lspace_3                     (abs)        0000
__Lstack                       stack        0000
__Lstrings                     strings      0000
__Ltext                        text         0000
__S0                           (abs)        2009
__S1                           (abs)        00B0
__S2                           (abs)        0000
__S3                           (abs)        0000
___bmul                        text7        065C
___bmul@multiplicand           cstackCOMMON 0075
___bmul@multiplier             cstackBANK0  0021
___bmul@product                cstackBANK0  0020
___int_sp                      stack        0000
___latbits                     (abs)        0002
___lwdiv                       text5        04B6
___lwdiv@counter               cstackBANK0  0024
___lwdiv@dividend              cstackBANK0  0022
___lwdiv@divisor               cstackBANK0  0020
___lwdiv@quotient              cstackBANK0  0025
___lwmod                       text4        056A
___lwmod@counter               cstackCOMMON 0077
___lwmod@dividend              cstackBANK0  0029
___lwmod@divisor               cstackBANK0  0027
___sp                          stack        0000
___wmul                        text3        05F0
___wmul@multiplicand           cstackBANK0  0022
___wmul@multiplier             cstackBANK0  0020
___wmul@product                cstackCOMMON 0075
__end_of_Adquisicion           text17       04B6
__end_of_InitES                text16       067F
__end_of_InitSPI               text15       03DD
__end_of_InitTMR1              text14       065C
__end_of_LCD                   text11       0472
__end_of_LCD2                  text8        042E
__end_of___bmul                text7        066F
__end_of___lwdiv               text5        04F4
__end_of___lwmod               text4        059E
__end_of___wmul                text3        0613
__end_of__initialization       cinit        0025
__end_of__stringtab            strings      0537
__end_of_bajar                 text10       05F0
__end_of_dpowers               strings      0541
__end_of_envio                 text13       0647
__end_of_inicializacion        text6        02BF
__end_of_invertir              text12       0531
__end_of_isdigit               text2        068D
__end_of_main                  maintext     0378
__end_of_rutinainterrupciones  text18       0630
__end_of_sprintf               text1        01A3
__end_of_subir                 text9        05C7
__initialization               cinit        0015
__pbssBANK0                    bssBANK0     0047
__pbssBANK1                    bssBANK1     00A0
__pbssCOMMON                   bssCOMMON    0078
__pcstackBANK0                 cstackBANK0  0020
__pcstackCOMMON                cstackCOMMON 0070
__pintentry                    intentry     0004
__pmaintext                    maintext     02BF
__pstrings                     strings      0531
__ptext1                       text1        0029
__ptext10                      text10       05C7
__ptext11                      text11       042E
__ptext12                      text12       04F4
__ptext13                      text13       0630
__ptext14                      text14       0647
__ptext15                      text15       0378
__ptext16                      text16       066F
__ptext17                      text17       0472
__ptext18                      text18       0613
__ptext2                       text2        067F
__ptext3                       text3        05F0
__ptext4                       text4        056A
__ptext5                       text5        04B6
__ptext6                       text6        01A3
__ptext7                       text7        065C
__ptext8                       text8        03DD
__ptext9                       text9        059E
__size_of_Adquisicion          (abs)        0000
__size_of_InitES               (abs)        0000
__size_of_InitSPI              (abs)        0000
__size_of_InitTMR1             (abs)        0000
__size_of_LCD                  (abs)        0000
__size_of_LCD2                 (abs)        0000
__size_of___bmul               (abs)        0000
__size_of___lwdiv              (abs)        0000
__size_of___lwmod              (abs)        0000
__size_of___wmul               (abs)        0000
__size_of_bajar                (abs)        0000
__size_of_envio                (abs)        0000
__size_of_inicializacion       (abs)        0000
__size_of_invertir             (abs)        0000
__size_of_isdigit              (abs)        0000
__size_of_main                 (abs)        0000
__size_of_rutinainterrupciones (abs)        0000
__size_of_sprintf              (abs)        0000
__size_of_subir                (abs)        0000
__stringbase                   strings      0536
__stringtab                    strings      0531
_bajar                         text10       05C7
_bufer                         bssBANK0     0048
_dpowers                       strings      0537
_envio                         text13       0630
_inicializacion                text6        01A3
_invertir                      text12       04F4
_isdigit                       text2        067F
_isdigit$645                   cstackCOMMON 0075
_linea1                        bssBANK0     0058
_linea2                        bssBANK1     00A0
_main                          maintext     02BF
_rutinainterrupciones          text18       0613
_sprintf                       text1        0029
_subir                         text9        059E
btemp                          (abs)        007E
clear_ram0                     clrtext      068D
end_of_initialization          cinit        0025
interrupt_function             intentry     0004
intlevel0                      functab      0000
intlevel1                      functab      0000
intlevel2                      functab      0000
intlevel3                      functab      0000
intlevel4                      functab      0000
intlevel5                      functab      0000
invertir@entrada               cstackCOMMON 0077
isdigit@c                      cstackCOMMON 0076
main@j                         cstackBANK0  0045
reset_vec                      reset_vec    0000
saved_w                        (abs)        007E
sprintf@ap                     cstackBANK0  0035
sprintf@c                      cstackBANK0  003D
sprintf@f                      cstackBANK0  002B
sprintf@flag                   cstackBANK0  0036
sprintf@prec                   cstackBANK0  0039
sprintf@sp                     cstackBANK0  003A
sprintf@val                    cstackBANK0  0037
sprintf@width                  cstackBANK0  003B
stackhi                        (abs)        0000
stacklo                        (abs)        0000
start                          init         0012
start_initialization           cinit        0015
wtemp0                         (abs)        007E


FUNCTION INFORMATION:

 *************** function _main *****************
 Defined at:
		line 60 in file "lab4ej1.c"
 Parameters:    Size  Location     Type
		None
 Auto vars:     Size  Location     Type
  j               2   37[BANK0 ] int 
 Return value:  Size  Location     Type
                  1    wreg      void 
 Registers used:
		wreg, fsr0l, fsr0h, status,2, status,0, btemp+1, pclath, cstack
 Tracked objects:
		On entry : 
		On exit  : 
		Unchanged: 
 Data sizes:     COMMON   BANK0   BANK1   BANK3   BANK2
      Params:         0       0       0       0       0
      Locals:         0       2       0       0       0
      Temps:          0       7       0       0       0
      Totals:         0       9       0       0       0
Total ram usage:        9 bytes
 Hardware stack levels required when called:    3
 This function calls:
		_Adquisicion
		_InitES
		_InitSPI
		_InitTMR1
		_LCD
		_LCD2
		___bmul
		_inicializacion
		_sprintf
 This function is called by:
		Startup code after reset
 This function uses a non-reentrant model


 *************** function _sprintf *****************
 Defined at:
		line 492 in file "C:\Program Files (x86)\Microchip\xc8\v1.45\sources\common\doprnt.c"
 Parameters:    Size  Location     Type
  sp              1    wreg     PTR unsigned char 
		 -> linea2(16), linea1(16), 
  f               1   11[BANK0 ] PTR const unsigned char 
		 -> STR_2(20), STR_1(21), 
 Auto vars:     Size  Location     Type
  sp              1   26[BANK0 ] PTR unsigned char 
		 -> linea2(16), linea1(16), 
  tmpval          4    0        struct .
  width           2   27[BANK0 ] int 
  val             2   23[BANK0 ] unsigned int 
  cp              2    0        PTR const unsigned char 
  len             2    0        unsigned int 
  c               1   29[BANK0 ] char 
  prec            1   25[BANK0 ] char 
  flag            1   22[BANK0 ] unsigned char 
  ap              1   21[BANK0 ] PTR void [1]
		 -> ?_sprintf(2), 
 Return value:  Size  Location     Type
                  2   11[BANK0 ] int 
 Registers used:
		wreg, fsr0l, fsr0h, status,2, status,0, btemp+1, pclath, cstack
 Tracked objects:
		On entry : 
		On exit  : 
		Unchanged: 
 Data sizes:     COMMON   BANK0   BANK1   BANK3   BANK2
      Params:         0       7       0       0       0
      Locals:         0       9       0       0       0
      Temps:          0       3       0       0       0
      Totals:         0      19       0       0       0
Total ram usage:       19 bytes
 Hardware stack levels used:    1
 Hardware stack levels required when called:    2
 This function calls:
		___lwdiv
		___lwmod
		___wmul
		_isdigit
 This function is called by:
		_main
 This function uses a non-reentrant model


 *************** function _isdigit *****************
 Defined at:
		line 8 in file "C:\Program Files (x86)\Microchip\xc8\v1.45\sources\common\isdigit.c"
 Parameters:    Size  Location     Type
  c               1    wreg     unsigned char 
 Auto vars:     Size  Location     Type
  c               1    6[COMMON] unsigned char 
 Return value:  Size  Location     Type
		None               void
 Registers used:
		wreg, status,2, status,0
 Tracked objects:
		On entry : 
		On exit  : 
		Unchanged: 
 Data sizes:     COMMON   BANK0   BANK1   BANK3   BANK2
      Params:         0       0       0       0       0
      Locals:         2       0       0       0       0
      Temps:          0       0       0       0       0
      Totals:         2       0       0       0       0
Total ram usage:        2 bytes
 Hardware stack levels used:    1
 Hardware stack levels required when called:    1
 This function calls:
		Nothing
 This function is called by:
		_sprintf
 This function uses a non-reentrant model


 *************** function ___wmul *****************
 Defined at:
		line 15 in file "C:\Program Files (x86)\Microchip\xc8\v1.45\sources\common\Umul16.c"
 Parameters:    Size  Location     Type
  multiplier      2    0[BANK0 ] unsigned int 
  multiplicand    2    2[BANK0 ] unsigned int 
 Auto vars:     Size  Location     Type
  product         2    5[COMMON] unsigned int 
 Return value:  Size  Location     Type
                  2    0[BANK0 ] unsigned int 
 Registers used:
		wreg, status,2, status,0
 Tracked objects:
		On entry : 
		On exit  : 
		Unchanged: 
 Data sizes:     COMMON   BANK0   BANK1   BANK3   BANK2
      Params:         0       4       0       0       0
      Locals:         2       0       0       0       0
      Temps:          0       0       0       0       0
      Totals:         2       4       0       0       0
Total ram usage:        6 bytes
 Hardware stack levels used:    1
 Hardware stack levels required when called:    1
 This function calls:
		Nothing
 This function is called by:
		_sprintf
 This function uses a non-reentrant model


 *************** function ___lwmod *****************
 Defined at:
		line 6 in file "C:\Program Files (x86)\Microchip\xc8\v1.45\sources\common\lwmod.c"
 Parameters:    Size  Location     Type
  divisor         2    7[BANK0 ] unsigned int 
  dividend        2    9[BANK0 ] unsigned int 
 Auto vars:     Size  Location     Type
  counter         1    7[COMMON] unsigned char 
 Return value:  Size  Location     Type
                  2    7[BANK0 ] unsigned int 
 Registers used:
		wreg, status,2, status,0
 Tracked objects:
		On entry : 
		On exit  : 
		Unchanged: 
 Data sizes:     COMMON   BANK0   BANK1   BANK3   BANK2
      Params:         0       4       0       0       0
      Locals:         1       0       0       0       0
      Temps:          1       0       0       0       0
      Totals:         2       4       0       0       0
Total ram usage:        6 bytes
 Hardware stack levels used:    1
 Hardware stack levels required when called:    1
 This function calls:
		Nothing
 This function is called by:
		_sprintf
 This function uses a non-reentrant model


 *************** function ___lwdiv *****************
 Defined at:
		line 6 in file "C:\Program Files (x86)\Microchip\xc8\v1.45\sources\common\lwdiv.c"
 Parameters:    Size  Location     Type
  divisor         2    0[BANK0 ] unsigned int 
  dividend        2    2[BANK0 ] unsigned int 
 Auto vars:     Size  Location     Type
  quotient        2    5[BANK0 ] unsigned int 
  counter         1    4[BANK0 ] unsigned char 
 Return value:  Size  Location     Type
                  2    0[BANK0 ] unsigned int 
 Registers used:
		wreg, status,2, status,0
 Tracked objects:
		On entry : 
		On exit  : 
		Unchanged: 
 Data sizes:     COMMON   BANK0   BANK1   BANK3   BANK2
      Params:         0       4       0       0       0
      Locals:         0       3       0       0       0
      Temps:          1       0       0       0       0
      Totals:         1       7       0       0       0
Total ram usage:        8 bytes
 Hardware stack levels used:    1
 Hardware stack levels required when called:    1
 This function calls:
		Nothing
 This function is called by:
		_sprintf
 This function uses a non-reentrant model


 *************** function _inicializacion *****************
 Defined at:
		line 27 in file "LCD.h"
 Parameters:    Size  Location     Type
		None
 Auto vars:     Size  Location     Type
		None
 Return value:  Size  Location     Type
                  1    wreg      void 
 Registers used:
		wreg
 Tracked objects:
		On entry : 
		On exit  : 
		Unchanged: 
 Data sizes:     COMMON   BANK0   BANK1   BANK3   BANK2
      Params:         0       0       0       0       0
      Locals:         0       0       0       0       0
      Temps:          2       0       0       0       0
      Totals:         2       0       0       0       0
Total ram usage:        2 bytes
 Hardware stack levels used:    1
 Hardware stack levels required when called:    1
 This function calls:
		Nothing
 This function is called by:
		_main
 This function uses a non-reentrant model


 *************** function ___bmul *****************
 Defined at:
		line 4 in file "C:\Program Files (x86)\Microchip\xc8\v1.45\sources\common\Umul8.c"
 Parameters:    Size  Location     Type
  multiplier      1    wreg     unsigned char 
  multiplicand    1    5[COMMON] unsigned char 
 Auto vars:     Size  Location     Type
  multiplier      1    1[BANK0 ] unsigned char 
  product         1    0[BANK0 ] unsigned char 
 Return value:  Size  Location     Type
                  1    wreg      unsigned char 
 Registers used:
		wreg, status,2, status,0
 Tracked objects:
		On entry : 
		On exit  : 
		Unchanged: 
 Data sizes:     COMMON   BANK0   BANK1   BANK3   BANK2
      Params:         1       0       0       0       0
      Locals:         0       2       0       0       0
      Temps:          1       0       0       0       0
      Totals:         2       2       0       0       0
Total ram usage:        4 bytes
 Hardware stack levels used:    1
 Hardware stack levels required when called:    1
 This function calls:
		Nothing
 This function is called by:
		_main
 This function uses a non-reentrant model


 *************** function _LCD2 *****************
 Defined at:
		line 195 in file "LCD.h"
 Parameters:    Size  Location     Type
  p2              1    wreg     PTR unsigned char 
		 -> linea2(16), 
 Auto vars:     Size  Location     Type
  p2              1    2[BANK0 ] PTR unsigned char 
		 -> linea2(16), 
  letraenvio      1    3[BANK0 ] unsigned char 
 Return value:  Size  Location     Type
                  1    wreg      void 
 Registers used:
		wreg, fsr0l, fsr0h, status,2, status,0, pclath, cstack
 Tracked objects:
		On entry : 
		On exit  : 
		Unchanged: 
 Data sizes:     COMMON   BANK0   BANK1   BANK3   BANK2
      Params:         0       0       0       0       0
      Locals:         0       2       0       0       0
      Temps:          0       2       0       0       0
      Totals:         0       4       0       0       0
Total ram usage:        4 bytes
 Hardware stack levels used:    1
 Hardware stack levels required when called:    2
 This function calls:
		_bajar
		_envio
		_invertir
		_subir
 This function is called by:
		_main
 This function uses a non-reentrant model


 *************** function _subir *****************
 Defined at:
		line 157 in file "LCD.h"
 Parameters:    Size  Location     Type
		None
 Auto vars:     Size  Location     Type
		None
 Return value:  Size  Location     Type
                  1    wreg      void 
 Registers used:
		wreg
 Tracked objects:
		On entry : 
		On exit  : 
		Unchanged: 
 Data sizes:     COMMON   BANK0   BANK1   BANK3   BANK2
      Params:         0       0       0       0       0
      Locals:         0       0       0       0       0
      Temps:          2       0       0       0       0
      Totals:         2       0       0       0       0
Total ram usage:        2 bytes
 Hardware stack levels used:    1
 Hardware stack levels required when called:    1
 This function calls:
		Nothing
 This function is called by:
		_LCD2
 This function uses a non-reentrant model


 *************** function _bajar *****************
 Defined at:
		line 135 in file "LCD.h"
 Parameters:    Size  Location     Type
		None
 Auto vars:     Size  Location     Type
		None
 Return value:  Size  Location     Type
                  1    wreg      void 
 Registers used:
		wreg
 Tracked objects:
		On entry : 
		On exit  : 
		Unchanged: 
 Data sizes:     COMMON   BANK0   BANK1   BANK3   BANK2
      Params:         0       0       0       0       0
      Locals:         0       0       0       0       0
      Temps:          2       0       0       0       0
      Totals:         2       0       0       0       0
Total ram usage:        2 bytes
 Hardware stack levels used:    1
 Hardware stack levels required when called:    1
 This function calls:
		Nothing
 This function is called by:
		_LCD2
 This function uses a non-reentrant model


 *************** function _LCD *****************
 Defined at:
		line 179 in file "LCD.h"
 Parameters:    Size  Location     Type
  p1              1    wreg     PTR unsigned char 
		 -> linea1(16), 
 Auto vars:     Size  Location     Type
  p1              1    2[BANK0 ] PTR unsigned char 
		 -> linea1(16), 
  letraenvio      1    3[BANK0 ] unsigned char 
 Return value:  Size  Location     Type
                  1    wreg      void 
 Registers used:
		wreg, fsr0l, fsr0h, status,2, status,0, pclath, cstack
 Tracked objects:
		On entry : 
		On exit  : 
		Unchanged: 
 Data sizes:     COMMON   BANK0   BANK1   BANK3   BANK2
      Params:         0       0       0       0       0
      Locals:         0       2       0       0       0
      Temps:          0       2       0       0       0
      Totals:         0       4       0       0       0
Total ram usage:        4 bytes
 Hardware stack levels used:    1
 Hardware stack levels required when called:    2
 This function calls:
		_envio
		_invertir
 This function is called by:
		_main
 This function uses a non-reentrant model


 *************** function _invertir *****************
 Defined at:
		line 9 in file "LCD.h"
 Parameters:    Size  Location     Type
  entrada         1    wreg     unsigned char 
 Auto vars:     Size  Location     Type
  entrada         1    7[COMMON] unsigned char 
 Return value:  Size  Location     Type
                  1    wreg      void 
 Registers used:
		wreg, status,2, status,0
 Tracked objects:
		On entry : 
		On exit  : 
		Unchanged: 
 Data sizes:     COMMON   BANK0   BANK1   BANK3   BANK2
      Params:         0       0       0       0       0
      Locals:         1       0       0       0       0
      Temps:          2       0       0       0       0
      Totals:         3       0       0       0       0
Total ram usage:        3 bytes
 Hardware stack levels used:    1
 Hardware stack levels required when called:    1
 This function calls:
		Nothing
 This function is called by:
		_LCD
		_LCD2
 This function uses a non-reentrant model


 *************** function _envio *****************
 Defined at:
		line 17 in file "LCD.h"
 Parameters:    Size  Location     Type
		None
 Auto vars:     Size  Location     Type
		None
 Return value:  Size  Location     Type
                  1    wreg      void 
 Registers used:
		wreg
 Tracked objects:
		On entry : 
		On exit  : 
		Unchanged: 
 Data sizes:     COMMON   BANK0   BANK1   BANK3   BANK2
      Params:         0       0       0       0       0
      Locals:         0       0       0       0       0
      Temps:          2       0       0       0       0
      Totals:         2       0       0       0       0
Total ram usage:        2 bytes
 Hardware stack levels used:    1
 Hardware stack levels required when called:    1
 This function calls:
		Nothing
 This function is called by:
		_LCD
		_LCD2
 This function uses a non-reentrant model


 *************** function _InitTMR1 *****************
 Defined at:
		line 98 in file "lab4ej1.c"
 Parameters:    Size  Location     Type
		None
 Auto vars:     Size  Location     Type
		None
 Return value:  Size  Location     Type
                  1    wreg      void 
 Registers used:
		wreg, status,2
 Tracked objects:
		On entry : 
		On exit  : 
		Unchanged: 
 Data sizes:     COMMON   BANK0   BANK1   BANK3   BANK2
      Params:         0       0       0       0       0
      Locals:         0       0       0       0       0
      Temps:          0       0       0       0       0
      Totals:         0       0       0       0       0
Total ram usage:        0 bytes
 Hardware stack levels used:    1
 Hardware stack levels required when called:    1
 This function calls:
		Nothing
 This function is called by:
		_main
 This function uses a non-reentrant model


 *************** function _InitSPI *****************
 Defined at:
		line 111 in file "lab4ej1.c"
 Parameters:    Size  Location     Type
		None
 Auto vars:     Size  Location     Type
		None
 Return value:  Size  Location     Type
                  1    wreg      void 
 Registers used:
		wreg, status,2
 Tracked objects:
		On entry : 
		On exit  : 
		Unchanged: 
 Data sizes:     COMMON   BANK0   BANK1   BANK3   BANK2
      Params:         0       0       0       0       0
      Locals:         0       0       0       0       0
      Temps:          2       0       0       0       0
      Totals:         2       0       0       0       0
Total ram usage:        2 bytes
 Hardware stack levels used:    1
 Hardware stack levels required when called:    1
 This function calls:
		Nothing
 This function is called by:
		_main
 This function uses a non-reentrant model


 *************** function _InitES *****************
 Defined at:
		line 85 in file "lab4ej1.c"
 Parameters:    Size  Location     Type
		None
 Auto vars:     Size  Location     Type
		None
 Return value:  Size  Location     Type
                  1    wreg      void 
 Registers used:
		status,2
 Tracked objects:
		On entry : 
		On exit  : 
		Unchanged: 
 Data sizes:     COMMON   BANK0   BANK1   BANK3   BANK2
      Params:         0       0       0       0       0
      Locals:         0       0       0       0       0
      Temps:          0       0       0       0       0
      Totals:         0       0       0       0       0
Total ram usage:        0 bytes
 Hardware stack levels used:    1
 Hardware stack levels required when called:    1
 This function calls:
		Nothing
 This function is called by:
		_main
 This function uses a non-reentrant model


 *************** function _Adquisicion *****************
 Defined at:
		line 149 in file "lab4ej1.c"
 Parameters:    Size  Location     Type
		None
 Auto vars:     Size  Location     Type
  i               2    6[COMMON] int 
 Return value:  Size  Location     Type
                  1    wreg      void 
 Registers used:
		wreg, fsr0l, fsr0h, status,2, status,0, btemp+1
 Tracked objects:
		On entry : 
		On exit  : 
		Unchanged: 
 Data sizes:     COMMON   BANK0   BANK1   BANK3   BANK2
      Params:         0       0       0       0       0
      Locals:         2       0       0       0       0
      Temps:          1       0       0       0       0
      Totals:         3       0       0       0       0
Total ram usage:        3 bytes
 Hardware stack levels used:    1
 Hardware stack levels required when called:    1
 This function calls:
		Nothing
 This function is called by:
		_main
 This function uses a non-reentrant model


 *************** function _rutinainterrupciones *****************
 Defined at:
		line 39 in file "lab4ej1.c"
 Parameters:    Size  Location     Type
		None
 Auto vars:     Size  Location     Type
		None
 Return value:  Size  Location     Type
                  1    wreg      void 
 Registers used:
		wreg, status,2, status,0
 Tracked objects:
		On entry : 
		On exit  : 
		Unchanged: 
 Data sizes:     COMMON   BANK0   BANK1   BANK3   BANK2
      Params:         0       0       0       0       0
      Locals:         0       0       0       0       0
      Temps:          5       0       0       0       0
      Totals:         5       0       0       0       0
Total ram usage:        5 bytes
 Hardware stack levels used:    1
 This function calls:
		Nothing
 This function is called by:
		Interrupt level 1
 This function uses a non-reentrant model



MODULE INFORMATION

Module		Function		Class		Link	Load	Size
LCD.h
		_invertir      		CODE           	04F4	0000	62
		_LCD           		CODE           	042E	0000	69
		_LCD2          		CODE           	03DD	0000	82
		_inicializacion		CODE           	01A3	0000	285
		_subir         		CODE           	059E	0000	42
		_envio         		CODE           	0630	0000	24
		_bajar         		CODE           	05C7	0000	42

LCD.h estimated size: 606

C:\Program Files (x86)\Microchip\xc8\v1.45\sources\common\doprnt.c
		_sprintf       		CODE           	0029	0000	379

C:\Program Files (x86)\Microchip\xc8\v1.45\sources\common\doprnt.c estimated size: 379

C:\Program Files (x86)\Microchip\xc8\v1.45\sources\common\Umul16.c
		___wmul        		CODE           	05F0	0000	36

C:\Program Files (x86)\Microchip\xc8\v1.45\sources\common\Umul16.c estimated size: 36

C:\Program Files (x86)\Microchip\xc8\v1.45\sources\common\isdigit.c
		_isdigit       		CODE           	067F	0000	15

C:\Program Files (x86)\Microchip\xc8\v1.45\sources\common\isdigit.c estimated size: 15

C:\Program Files (x86)\Microchip\xc8\v1.45\sources\common\lwmod.c
		___lwmod       		CODE           	056A	0000	53

C:\Program Files (x86)\Microchip\xc8\v1.45\sources\common\lwmod.c estimated size: 53

shared
		__stringtab    		STRING         	0531	0000	7
		_dpowers       		STRING         	0537	0000	11
		__initialization		CODE           	0015	0000	17

shared estimated size: 35

C:\Program Files (x86)\Microchip\xc8\v1.45\sources\common\lwdiv.c
		___lwdiv       		CODE           	04B6	0000	63

C:\Program Files (x86)\Microchip\xc8\v1.45\sources\common\lwdiv.c estimated size: 63

lab4ej1.c
		_InitTMR1      		CODE           	0647	0000	22
		_InitES        		CODE           	066F	0000	17
		_rutinainterrupciones		CODE           	0613	0000	30
		_main          		CODE           	02BF	0000	186
		_InitSPI       		CODE           	0378	0000	102
		_Adquisicion   		CODE           	0472	0000	69

lab4ej1.c estimated size: 426

C:\Program Files (x86)\Microchip\xc8\v1.45\sources\common\Umul8.c
		___bmul        		CODE           	065C	0000	20

C:\Program Files (x86)\Microchip\xc8\v1.45\sources\common\Umul8.c estimated size: 20

