Microchip MPLAB XC8 Compiler V1.45 ()

Linker command line:

-W-3 --edf=C:\Program Files (x86)\Microchip\xc8\v1.45\dat\en_msgs.txt -cs \
  -h+dist/default/production\lab4ej2.X.production.sym \
  --cmf=dist/default/production\lab4ej2.X.production.cmf -z -Q16F887 \
  -oC:\Users\piniel\AppData\Local\Temp\ssc.2 \
  -Mdist/default/production/lab4ej2.X.production.map -E1 -ver=XC8 \
  -ASTACK=0110h-016fh -pstack=STACK -ACODE=00h-07FFhx4 -ASTRCODE=00h-01FFFh \
  -ASTRING=00h-0FFhx32 -ACONST=00h-0FFhx32 -AENTRY=00h-0FFhx32 \
  -ACOMMON=070h-07Fh -ABANK0=020h-06Fh -ABANK1=0A0h-0EFh \
  -ABANK2=0110h-016Fh -ABANK3=0190h-01EFh \
  -ARAM=020h-06Fh,0A0h-0EFh,0110h-016Fh,0190h-01EFh \
  -AABS1=020h-07Fh,0A0h-0EFh,0110h-016Fh,0190h-01EFh -ASFR0=00h-01Fh \
  -ASFR1=080h-09Fh -ASFR2=0100h-010Fh -ASFR3=0180h-018Fh \
  -preset_vec=00h,intentry=04h,init,end_init -ppowerup=CODE -pcinit=CODE \
  -pfunctab=ENTRY -ACONFIG=02007h-02008h -pconfig=CONFIG -DCONFIG=2 \
  -AIDLOC=02000h-02003h -pidloc=IDLOC -DIDLOC=2 -AEEDATA=00h-0FFh/02100h \
  -peeprom_data=EEDATA -DEEDATA=2 -DCODE=2 -DSTRCODE=2 -DSTRING=2 -DCONST=2 \
  -DENTRY=2 -k C:\Users\piniel\AppData\Local\Temp\ssc.obj \
  dist/default/production\lab4ej2.X.production.obj 

Object code version is 3.11

Machine type is 16F887



                Name                               Link     Load   Length Selector   Space Scale
C:\Users\piniel\AppData\Local\Temp\ssc.obj
                end_init                             12       12        3        8       0
                reset_vec                             0        0        3        0       0
                config                             2007     2007        2     400E       0
dist/default/production\lab4ej2.X.production.obj
                cinit                                15       15        D        8       0
                intentry                              4        4        E        8       0
                text20                              5CD      5CD       1D      B54       0
                text19                              64A      64A        4      B54       0
                text18                              632      632        9      B54       0
                text17                              643      643        7      B54       0
                text16                              3F6      3F6       4B        8       0
                text15                              624      624        E      B54       0
                text14                              28F      28F       BA        8       0
                text13                              601      601       15      B54       0
                text12                              5EA      5EA       17      B54       0
                text11                              4C3      4C3       3D        8       0
                text10                              441      441       44        8       0
                text9                               55D      55D       29        8       0
                text8                               534      534       29        8       0
                text7                               3A5      3A5       51        8       0
                text6                               173      173      11C        8       0
                text5                               485      485       3E        8       0
                text4                               500      500       34        8       0
                text3                               5AA      5AA       23      B54       0
                text2                               616      616        E      B54       0
                text1                                22       22      151        8       0
                maintext                            349      349       5C        8       0
                cstackBANK0                          53       53       1B       20       1
                cstackCOMMON                         70       70        7       70       1
                cstackBANK1                          A0       A0        3       A0       1
                clrtext                             63B      63B        8      B54       0
                bssBANK0                             20       20       33       20       1
                bssCOMMON                            77       77        2       70       1
                strings                             586      586       24      B0C       0

TOTAL           Name                               Link     Load   Length     Space
        CLASS   STACK          

        CLASS   CODE           
                end_init                             12       12        3         0
                cinit                                15       15        D         0
                intentry                              4        4        E         0
                reset_vec                             0        0        3         0
                text20                              5CD      5CD       1D         0
                text19                              64A      64A        4         0
                text18                              632      632        9         0
                text17                              643      643        7         0
                text16                              3F6      3F6       4B         0
                text15                              624      624        E         0
                text14                              28F      28F       BA         0
                text13                              601      601       15         0
                text12                              5EA      5EA       17         0
                text11                              4C3      4C3       3D         0
                text10                              441      441       44         0
                text9                               55D      55D       29         0
                text8                               534      534       29         0
                text7                               3A5      3A5       51         0
                text6                               173      173      11C         0
                text5                               485      485       3E         0
                text4                               500      500       34         0
                text3                               5AA      5AA       23         0
                text2                               616      616        E         0
                text1                                22       22      151         0
                maintext                            349      349       5C         0
                clrtext                             63B      63B        8         0

        CLASS   STRCODE        

        CLASS   STRING         
                strings                             586      586       24         0

        CLASS   CONST          

        CLASS   ENTRY          

        CLASS   COMMON         
                cstackCOMMON                         70       70        7         1
                bssCOMMON                            77       77        2         1

        CLASS   BANK0          
                cstackBANK0                          53       53       1B         1
                bssBANK0                             20       20       33         1

        CLASS   BANK1          
                cstackBANK1                          A0       A0        3         1

        CLASS   BANK2          

        CLASS   BANK3          

        CLASS   RAM            

        CLASS   ABS1           
                abs_s1                               7E       7E        2         1

        CLASS   SFR0           

        CLASS   SFR1           

        CLASS   SFR2           

        CLASS   SFR3           

        CLASS   CONFIG         
                config                             2007     2007        2         0

        CLASS   IDLOC          

        CLASS   EEDATA         



SEGMENTS        Name                           Load    Length   Top    Selector   Space  Class     Delta

                reset_vec                      000000  000003  000003         0       0  CODE        2
                intentry                       000004  000582  000586         8       0  CODE        2
                bssBANK0                       000020  00004E  00006E        20       1  BANK0       1
                cstackCOMMON                   000070  000009  000079        70       1  COMMON      1
                cstackBANK1                    0000A0  000003  0000A3        A0       1  BANK1       1
                strings                        000586  000024  0005AA       B0C       0  STRING      2
                text3                          0005AA  0000A4  00064E       B54       0  CODE        2
                config                         002007  000002  002009      400E       0  CONFIG      2


UNUSED ADDRESS RANGES

        Name                Unused          Largest block    Delta
        BANK0            006E-006F              2           1
        BANK1            00A3-00EF             4D           1
        BANK2            0110-016F             60           1
        BANK3            0190-01EF             60           1
        CODE             0003-0003              1           2
                         064E-1FFF            800
        COMMON           0079-007D              5           1
        CONST            0003-0003              1           2
                         064E-1FFF            100
        EEDATA           2100-21FF            100           2
        ENTRY            0003-0003              1           2
                         064E-1FFF            100
        IDLOC            2000-2003              4           2
        RAM              006E-006F              2           1
                         00A3-00EF             4D
                         0110-016F             60
                         0190-01EF             60
        SFR0             0000-001F             20           1
        SFR1             0080-009F             20           1
        SFR2             0100-010F             10           1
        SFR3             0180-018F             10           1
        STACK            0110-016F             60           1
        STRCODE          0003-0003              1           2
                         064E-1FFF           19B2
        STRING           0003-0003              1           2
                         064E-1FFF            100

                                  Symbol Table

?___lwdiv                      cstackBANK0  0053
?___lwmod                      cstackBANK0  005A
?___wmul                       cstackBANK0  0053
?_sprintf                      cstackBANK0  005F
LCD2@letraenvio                cstackBANK0  0057
LCD2@p2                        cstackBANK0  0056
LCD@letraenvio                 cstackBANK0  0057
LCD@p1                         cstackBANK0  0056
_ANSEL                         (abs)        0188
_ANSELH                        (abs)        0189
_Adquisicion                   text16       03F6
_BanderaDeAdquisicion          bssBANK0     0030
_BanderaSprintf                bssBANK0     0032
_Contador                      bssCOMMON    0078
_INTCONbits                    (abs)        000B
_InitCOM                       text19       064A
_InitES                        text15       0624
_InitI2C                       text14       028F
_InitTMR1                      text13       0601
_LCD                           text10       0441
_LCD2                          text7        03A5
_PIE1bits                      (abs)        008C
_PIR1bits                      (abs)        000C
_PORTB                         (abs)        0006
_PORTBbits                     (abs)        0006
_PORTC                         (abs)        0007
_SSPADD                        (abs)        0093
_SSPBUF                        (abs)        0013
_SSPCON2                       (abs)        0091
_SSPCON2bits                   (abs)        0091
_SSPCONbits                    (abs)        0014
_SSPSTAT                       (abs)        0094
_SSPSTATbits                   (abs)        0094
_StopCOM                       text17       0643
_T1CON                         (abs)        0010
_T1CONbits                     (abs)        0010
_TMR1                          (abs)        000E
_TRISB                         (abs)        0086
_TRISCbits                     (abs)        0087
__CFG_BOR4V$BOR40V             (abs)        0000
__CFG_BOREN$ON                 (abs)        0000
__CFG_CP$OFF                   (abs)        0000
__CFG_CPD$OFF                  (abs)        0000
__CFG_FCMEN$ON                 (abs)        0000
__CFG_FOSC$HS                  (abs)        0000
__CFG_IESO$ON                  (abs)        0000
__CFG_LVP$OFF                  (abs)        0000
__CFG_MCLRE$ON                 (abs)        0000
__CFG_PWRTE$OFF                (abs)        0000
__CFG_WDTE$OFF                 (abs)        0000
__CFG_WRT$OFF                  (abs)        0000
__Habs1                        abs1         0000
__Hbank0                       bank0        0000
__Hbank1                       bank1        0000
__Hbank2                       bank2        0000
__Hbank3                       bank3        0000
__HbssBANK0                    bssBANK0     0000
__HbssCOMMON                   bssCOMMON    0000
__Hcinit                       cinit        0022
__Hclrtext                     clrtext      0000
__Hcode                        code         0000
__Hcommon                      common       0000
__Hconfig                      config       2009
__HcstackBANK0                 cstackBANK0  0000
__HcstackBANK1                 cstackBANK1  0000
__HcstackCOMMON                cstackCOMMON 0000
__Heeprom_data                 eeprom_data  0000
__Hend_init                    end_init     0015
__Hfunctab                     functab      0000
__Hidloc                       idloc        0000
__Hinit                        init         0012
__Hintentry                    intentry     0012
__Hmaintext                    maintext     0000
__Hpowerup                     powerup      0000
__Hram                         ram          0000
__Hreset_vec                   reset_vec    0003
__Hsfr0                        sfr0         0000
__Hsfr1                        sfr1         0000
__Hsfr2                        sfr2         0000
__Hsfr3                        sfr3         0000
__Hspace_0                     (abs)        2009
__Hspace_1                     (abs)        00A3
__Hspace_2                     (abs)        0000
__Hspace_3                     (abs)        0000
__Hstack                       stack        0000
__Hstrings                     strings      0000
__Htext                        text         0000
__Labs1                        abs1         0000
__Lbank0                       bank0        0000
__Lbank1                       bank1        0000
__Lbank2                       bank2        0000
__Lbank3                       bank3        0000
__LbssBANK0                    bssBANK0     0000
__LbssCOMMON                   bssCOMMON    0000
__Lcinit                       cinit        0015
__Lclrtext                     clrtext      0000
__Lcode                        code         0000
__Lcommon                      common       0000
__Lconfig                      config       2007
__LcstackBANK0                 cstackBANK0  0000
__LcstackBANK1                 cstackBANK1  0000
__LcstackCOMMON                cstackCOMMON 0000
__Leeprom_data                 eeprom_data  0000
__Lend_init                    end_init     0012
__Lfunctab                     functab      0000
__Lidloc                       idloc        0000
__Linit                        init         0012
__Lintentry                    intentry     0004
__Lmaintext                    maintext     0000
__Lpowerup                     powerup      0000
__Lram                         ram          0000
__Lreset_vec                   reset_vec    0000
__Lsfr0                        sfr0         0000
__Lsfr1                        sfr1         0000
__Lsfr2                        sfr2         0000
__Lsfr3                        sfr3         0000
__Lspace_0                     (abs)        0000
__Lspace_1                     (abs)        0000
__Lspace_2                     (abs)        0000
__Lspace_3                     (abs)        0000
__Lstack                       stack        0000
__Lstrings                     strings      0000
__Ltext                        text         0000
__S0                           (abs)        2009
__S1                           (abs)        00A3
__S2                           (abs)        0000
__S3                           (abs)        0000
___int_sp                      stack        0000
___latbits                     (abs)        0002
___lwdiv                       text5        0485
___lwdiv@counter               cstackBANK0  0057
___lwdiv@dividend              cstackBANK0  0055
___lwdiv@divisor               cstackBANK0  0053
___lwdiv@quotient              cstackBANK0  0058
___lwmod                       text4        0500
___lwmod@counter               cstackBANK0  005E
___lwmod@dividend              cstackBANK0  005C
___lwmod@divisor               cstackBANK0  005A
___sp                          stack        0000
___wmul                        text3        05AA
___wmul@multiplicand           cstackBANK0  0055
___wmul@multiplier             cstackBANK0  0053
___wmul@product                cstackCOMMON 0075
__end_of_Adquisicion           text16       0441
__end_of_InitCOM               text19       064E
__end_of_InitES                text15       0632
__end_of_InitI2C               text14       0349
__end_of_InitTMR1              text13       0616
__end_of_LCD                   text10       0485
__end_of_LCD2                  text7        03F6
__end_of_StopCOM               text17       064A
__end_of___lwdiv               text5        04C3
__end_of___lwmod               text4        0534
__end_of___wmul                text3        05CD
__end_of__initialization       cinit        001E
__end_of__stringtab            strings      058C
__end_of_bajar                 text9        0586
__end_of_dpowers               strings      0596
__end_of_envio                 text12       0601
__end_of_esperaI2C             text18       063B
__end_of_inicializacion        text6        028F
__end_of_invertir              text11       0500
__end_of_isdigit               text2        0624
__end_of_main                  maintext     03A5
__end_of_rutinainterrupciones  text20       05EA
__end_of_sprintf               text1        0173
__end_of_subir                 text8        055D
__initialization               cinit        0015
__pbssBANK0                    bssBANK0     0020
__pbssCOMMON                   bssCOMMON    0077
__pcstackBANK0                 cstackBANK0  0053
__pcstackBANK1                 cstackBANK1  00A0
__pcstackCOMMON                cstackCOMMON 0070
__pintentry                    intentry     0004
__pmaintext                    maintext     0349
__pstrings                     strings      0586
__ptext1                       text1        0022
__ptext10                      text10       0441
__ptext11                      text11       04C3
__ptext12                      text12       05EA
__ptext13                      text13       0601
__ptext14                      text14       028F
__ptext15                      text15       0624
__ptext16                      text16       03F6
__ptext17                      text17       0643
__ptext18                      text18       0632
__ptext19                      text19       064A
__ptext2                       text2        0616
__ptext20                      text20       05CD
__ptext3                       text3        05AA
__ptext4                       text4        0500
__ptext5                       text5        0485
__ptext6                       text6        0173
__ptext7                       text7        03A5
__ptext8                       text8        0534
__ptext9                       text9        055D
__size_of_Adquisicion          (abs)        0000
__size_of_InitCOM              (abs)        0000
__size_of_InitES               (abs)        0000
__size_of_InitI2C              (abs)        0000
__size_of_InitTMR1             (abs)        0000
__size_of_LCD                  (abs)        0000
__size_of_LCD2                 (abs)        0000
__size_of_StopCOM              (abs)        0000
__size_of___lwdiv              (abs)        0000
__size_of___lwmod              (abs)        0000
__size_of___wmul               (abs)        0000
__size_of_bajar                (abs)        0000
__size_of_envio                (abs)        0000
__size_of_esperaI2C            (abs)        0000
__size_of_inicializacion       (abs)        0000
__size_of_invertir             (abs)        0000
__size_of_isdigit              (abs)        0000
__size_of_main                 (abs)        0000
__size_of_rutinainterrupciones (abs)        0000
__size_of_sprintf              (abs)        0000
__size_of_subir                (abs)        0000
__stringbase                   strings      058B
__stringtab                    strings      0586
_bajar                         text9        055D
_dpowers                       strings      058C
_envio                         text12       05EA
_esperaI2C                     text18       0632
_inicializacion                text6        0173
_invertir                      text11       04C3
_isdigit                       text2        0616
_isdigit$688                   cstackCOMMON 0075
_linea1                        bssBANK0     0043
_linea2                        bssBANK0     0033
_main                          maintext     0349
_rutinainterrupciones          text20       05CD
_sprintf                       text1        0022
_subir                         text8        0534
_temperatura                   bssCOMMON    0077
_tempfinal                     bssBANK0     0031
btemp                          (abs)        007E
clear_ram0                     clrtext      063B
end_of_initialization          cinit        001E
interrupt_function             intentry     0004
intlevel0                      functab      0000
intlevel1                      functab      0000
intlevel2                      functab      0000
intlevel3                      functab      0000
intlevel4                      functab      0000
intlevel5                      functab      0000
invertir@entrada               cstackBANK0  0053
isdigit@c                      cstackCOMMON 0076
reset_vec                      reset_vec    0000
saved_w                        (abs)        007E
sprintf@ap                     cstackBANK0  0066
sprintf@c                      cstackBANK0  006D
sprintf@f                      cstackBANK0  005F
sprintf@flag                   cstackBANK0  0065
sprintf@prec                   cstackBANK0  0069
sprintf@sp                     cstackBANK0  006A
sprintf@val                    cstackBANK0  0067
sprintf@width                  cstackBANK0  006B
stackhi                        (abs)        0000
stacklo                        (abs)        0000
start                          init         0012
start_initialization           cinit        0015
wtemp0                         (abs)        007E


FUNCTION INFORMATION:

 *************** function _main *****************
 Defined at:
		line 61 in file "lab4ej2.c"
 Parameters:    Size  Location     Type
		None
 Auto vars:     Size  Location     Type
		None
 Return value:  Size  Location     Type
                  1    wreg      void 
 Registers used:
		wreg, fsr0l, fsr0h, status,2, status,0, btemp+1, pclath, cstack
 Tracked objects:
		On entry : 
		On exit  : 
		Unchanged: 
 Data sizes:     COMMON   BANK0   BANK1   BANK3   BANK2
      Params:         0       0       0       0       0
      Locals:         0       0       0       0       0
      Temps:          0       0       3       0       0
      Totals:         0       0       3       0       0
Total ram usage:        3 bytes
 Hardware stack levels required when called:    4
 This function calls:
		_Adquisicion
		_InitES
		_InitI2C
		_InitTMR1
		_LCD
		_LCD2
		_inicializacion
		_sprintf
 This function is called by:
		Startup code after reset
 This function uses a non-reentrant model


 *************** function _sprintf *****************
 Defined at:
		line 492 in file "C:\Program Files (x86)\Microchip\xc8\v1.45\sources\common\doprnt.c"
 Parameters:    Size  Location     Type
  sp              1    wreg     PTR unsigned char 
		 -> linea2(16), linea1(16), 
  f               1   12[BANK0 ] PTR const unsigned char 
		 -> STR_2(8), STR_1(12), 
 Auto vars:     Size  Location     Type
  sp              1   23[BANK0 ] PTR unsigned char 
		 -> linea2(16), linea1(16), 
  tmpval          4    0        struct .
  width           2   24[BANK0 ] int 
  val             2   20[BANK0 ] unsigned int 
  cp              2    0        PTR const unsigned char 
  len             2    0        unsigned int 
  c               1   26[BANK0 ] char 
  prec            1   22[BANK0 ] char 
  ap              1   19[BANK0 ] PTR void [1]
		 -> ?_sprintf(2), 
  flag            1   18[BANK0 ] unsigned char 
 Return value:  Size  Location     Type
                  2   12[BANK0 ] int 
 Registers used:
		wreg, fsr0l, fsr0h, status,2, status,0, btemp+1, pclath, cstack
 Tracked objects:
		On entry : 
		On exit  : 
		Unchanged: 
 Data sizes:     COMMON   BANK0   BANK1   BANK3   BANK2
      Params:         0       3       0       0       0
      Locals:         0       9       0       0       0
      Temps:          0       3       0       0       0
      Totals:         0      15       0       0       0
Total ram usage:       15 bytes
 Hardware stack levels used:    1
 Hardware stack levels required when called:    2
 This function calls:
		___lwdiv
		___lwmod
		___wmul
		_isdigit
 This function is called by:
		_main
 This function uses a non-reentrant model


 *************** function _isdigit *****************
 Defined at:
		line 8 in file "C:\Program Files (x86)\Microchip\xc8\v1.45\sources\common\isdigit.c"
 Parameters:    Size  Location     Type
  c               1    wreg     unsigned char 
 Auto vars:     Size  Location     Type
  c               1    6[COMMON] unsigned char 
 Return value:  Size  Location     Type
		None               void
 Registers used:
		wreg, status,2, status,0
 Tracked objects:
		On entry : 
		On exit  : 
		Unchanged: 
 Data sizes:     COMMON   BANK0   BANK1   BANK3   BANK2
      Params:         0       0       0       0       0
      Locals:         2       0       0       0       0
      Temps:          0       0       0       0       0
      Totals:         2       0       0       0       0
Total ram usage:        2 bytes
 Hardware stack levels used:    1
 Hardware stack levels required when called:    1
 This function calls:
		Nothing
 This function is called by:
		_sprintf
 This function uses a non-reentrant model


 *************** function ___wmul *****************
 Defined at:
		line 15 in file "C:\Program Files (x86)\Microchip\xc8\v1.45\sources\common\Umul16.c"
 Parameters:    Size  Location     Type
  multiplier      2    0[BANK0 ] unsigned int 
  multiplicand    2    2[BANK0 ] unsigned int 
 Auto vars:     Size  Location     Type
  product         2    5[COMMON] unsigned int 
 Return value:  Size  Location     Type
                  2    0[BANK0 ] unsigned int 
 Registers used:
		wreg, status,2, status,0
 Tracked objects:
		On entry : 
		On exit  : 
		Unchanged: 
 Data sizes:     COMMON   BANK0   BANK1   BANK3   BANK2
      Params:         0       4       0       0       0
      Locals:         2       0       0       0       0
      Temps:          0       0       0       0       0
      Totals:         2       4       0       0       0
Total ram usage:        6 bytes
 Hardware stack levels used:    1
 Hardware stack levels required when called:    1
 This function calls:
		Nothing
 This function is called by:
		_sprintf
 This function uses a non-reentrant model


 *************** function ___lwmod *****************
 Defined at:
		line 6 in file "C:\Program Files (x86)\Microchip\xc8\v1.45\sources\common\lwmod.c"
 Parameters:    Size  Location     Type
  divisor         2    7[BANK0 ] unsigned int 
  dividend        2    9[BANK0 ] unsigned int 
 Auto vars:     Size  Location     Type
  counter         1   11[BANK0 ] unsigned char 
 Return value:  Size  Location     Type
                  2    7[BANK0 ] unsigned int 
 Registers used:
		wreg, status,2, status,0
 Tracked objects:
		On entry : 
		On exit  : 
		Unchanged: 
 Data sizes:     COMMON   BANK0   BANK1   BANK3   BANK2
      Params:         0       4       0       0       0
      Locals:         0       1       0       0       0
      Temps:          1       0       0       0       0
      Totals:         1       5       0       0       0
Total ram usage:        6 bytes
 Hardware stack levels used:    1
 Hardware stack levels required when called:    1
 This function calls:
		Nothing
 This function is called by:
		_sprintf
 This function uses a non-reentrant model


 *************** function ___lwdiv *****************
 Defined at:
		line 6 in file "C:\Program Files (x86)\Microchip\xc8\v1.45\sources\common\lwdiv.c"
 Parameters:    Size  Location     Type
  divisor         2    0[BANK0 ] unsigned int 
  dividend        2    2[BANK0 ] unsigned int 
 Auto vars:     Size  Location     Type
  quotient        2    5[BANK0 ] unsigned int 
  counter         1    4[BANK0 ] unsigned char 
 Return value:  Size  Location     Type
                  2    0[BANK0 ] unsigned int 
 Registers used:
		wreg, status,2, status,0
 Tracked objects:
		On entry : 
		On exit  : 
		Unchanged: 
 Data sizes:     COMMON   BANK0   BANK1   BANK3   BANK2
      Params:         0       4       0       0       0
      Locals:         0       3       0       0       0
      Temps:          1       0       0       0       0
      Totals:         1       7       0       0       0
Total ram usage:        8 bytes
 Hardware stack levels used:    1
 Hardware stack levels required when called:    1
 This function calls:
		Nothing
 This function is called by:
		_sprintf
 This function uses a non-reentrant model


 *************** function _inicializacion *****************
 Defined at:
		line 27 in file "LCD.h"
 Parameters:    Size  Location     Type
		None
 Auto vars:     Size  Location     Type
		None
 Return value:  Size  Location     Type
                  1    wreg      void 
 Registers used:
		wreg
 Tracked objects:
		On entry : 
		On exit  : 
		Unchanged: 
 Data sizes:     COMMON   BANK0   BANK1   BANK3   BANK2
      Params:         0       0       0       0       0
      Locals:         0       0       0       0       0
      Temps:          2       0       0       0       0
      Totals:         2       0       0       0       0
Total ram usage:        2 bytes
 Hardware stack levels used:    1
 Hardware stack levels required when called:    1
 This function calls:
		Nothing
 This function is called by:
		_main
 This function uses a non-reentrant model


 *************** function _LCD2 *****************
 Defined at:
		line 195 in file "LCD.h"
 Parameters:    Size  Location     Type
  p2              1    wreg     PTR unsigned char 
		 -> linea2(16), 
 Auto vars:     Size  Location     Type
  p2              1    3[BANK0 ] PTR unsigned char 
		 -> linea2(16), 
  letraenvio      1    4[BANK0 ] unsigned char 
 Return value:  Size  Location     Type
                  1    wreg      void 
 Registers used:
		wreg, fsr0l, fsr0h, status,2, status,0, pclath, cstack
 Tracked objects:
		On entry : 
		On exit  : 
		Unchanged: 
 Data sizes:     COMMON   BANK0   BANK1   BANK3   BANK2
      Params:         0       0       0       0       0
      Locals:         0       2       0       0       0
      Temps:          0       2       0       0       0
      Totals:         0       4       0       0       0
Total ram usage:        4 bytes
 Hardware stack levels used:    1
 Hardware stack levels required when called:    2
 This function calls:
		_bajar
		_envio
		_invertir
		_subir
 This function is called by:
		_main
 This function uses a non-reentrant model


 *************** function _subir *****************
 Defined at:
		line 157 in file "LCD.h"
 Parameters:    Size  Location     Type
		None
 Auto vars:     Size  Location     Type
		None
 Return value:  Size  Location     Type
                  1    wreg      void 
 Registers used:
		wreg
 Tracked objects:
		On entry : 
		On exit  : 
		Unchanged: 
 Data sizes:     COMMON   BANK0   BANK1   BANK3   BANK2
      Params:         0       0       0       0       0
      Locals:         0       0       0       0       0
      Temps:          2       0       0       0       0
      Totals:         2       0       0       0       0
Total ram usage:        2 bytes
 Hardware stack levels used:    1
 Hardware stack levels required when called:    1
 This function calls:
		Nothing
 This function is called by:
		_LCD2
 This function uses a non-reentrant model


 *************** function _bajar *****************
 Defined at:
		line 135 in file "LCD.h"
 Parameters:    Size  Location     Type
		None
 Auto vars:     Size  Location     Type
		None
 Return value:  Size  Location     Type
                  1    wreg      void 
 Registers used:
		wreg
 Tracked objects:
		On entry : 
		On exit  : 
		Unchanged: 
 Data sizes:     COMMON   BANK0   BANK1   BANK3   BANK2
      Params:         0       0       0       0       0
      Locals:         0       0       0       0       0
      Temps:          2       0       0       0       0
      Totals:         2       0       0       0       0
Total ram usage:        2 bytes
 Hardware stack levels used:    1
 Hardware stack levels required when called:    1
 This function calls:
		Nothing
 This function is called by:
		_LCD2
 This function uses a non-reentrant model


 *************** function _LCD *****************
 Defined at:
		line 179 in file "LCD.h"
 Parameters:    Size  Location     Type
  p1              1    wreg     PTR unsigned char 
		 -> linea1(16), 
 Auto vars:     Size  Location     Type
  p1              1    3[BANK0 ] PTR unsigned char 
		 -> linea1(16), 
  letraenvio      1    4[BANK0 ] unsigned char 
 Return value:  Size  Location     Type
                  1    wreg      void 
 Registers used:
		wreg, fsr0l, fsr0h, status,2, status,0, pclath, cstack
 Tracked objects:
		On entry : 
		On exit  : 
		Unchanged: 
 Data sizes:     COMMON   BANK0   BANK1   BANK3   BANK2
      Params:         0       0       0       0       0
      Locals:         0       2       0       0       0
      Temps:          0       2       0       0       0
      Totals:         0       4       0       0       0
Total ram usage:        4 bytes
 Hardware stack levels used:    1
 Hardware stack levels required when called:    2
 This function calls:
		_envio
		_invertir
 This function is called by:
		_main
 This function uses a non-reentrant model


 *************** function _invertir *****************
 Defined at:
		line 9 in file "LCD.h"
 Parameters:    Size  Location     Type
  entrada         1    wreg     unsigned char 
 Auto vars:     Size  Location     Type
  entrada         1    0[BANK0 ] unsigned char 
 Return value:  Size  Location     Type
                  1    wreg      void 
 Registers used:
		wreg, status,2, status,0
 Tracked objects:
		On entry : 
		On exit  : 
		Unchanged: 
 Data sizes:     COMMON   BANK0   BANK1   BANK3   BANK2
      Params:         0       0       0       0       0
      Locals:         0       1       0       0       0
      Temps:          2       0       0       0       0
      Totals:         2       1       0       0       0
Total ram usage:        3 bytes
 Hardware stack levels used:    1
 Hardware stack levels required when called:    1
 This function calls:
		Nothing
 This function is called by:
		_LCD
		_LCD2
 This function uses a non-reentrant model


 *************** function _envio *****************
 Defined at:
		line 17 in file "LCD.h"
 Parameters:    Size  Location     Type
		None
 Auto vars:     Size  Location     Type
		None
 Return value:  Size  Location     Type
                  1    wreg      void 
 Registers used:
		wreg
 Tracked objects:
		On entry : 
		On exit  : 
		Unchanged: 
 Data sizes:     COMMON   BANK0   BANK1   BANK3   BANK2
      Params:         0       0       0       0       0
      Locals:         0       0       0       0       0
      Temps:          2       0       0       0       0
      Totals:         2       0       0       0       0
Total ram usage:        2 bytes
 Hardware stack levels used:    1
 Hardware stack levels required when called:    1
 This function calls:
		Nothing
 This function is called by:
		_LCD
		_LCD2
 This function uses a non-reentrant model


 *************** function _InitTMR1 *****************
 Defined at:
		line 96 in file "lab4ej2.c"
 Parameters:    Size  Location     Type
		None
 Auto vars:     Size  Location     Type
		None
 Return value:  Size  Location     Type
                  1    wreg      void 
 Registers used:
		wreg, status,2
 Tracked objects:
		On entry : 
		On exit  : 
		Unchanged: 
 Data sizes:     COMMON   BANK0   BANK1   BANK3   BANK2
      Params:         0       0       0       0       0
      Locals:         0       0       0       0       0
      Temps:          0       0       0       0       0
      Totals:         0       0       0       0       0
Total ram usage:        0 bytes
 Hardware stack levels used:    1
 Hardware stack levels required when called:    1
 This function calls:
		Nothing
 This function is called by:
		_main
 This function uses a non-reentrant model


 *************** function _InitI2C *****************
 Defined at:
		line 29 in file "I2C.h"
 Parameters:    Size  Location     Type
		None
 Auto vars:     Size  Location     Type
		None
 Return value:  Size  Location     Type
                  1    wreg      void 
 Registers used:
		wreg, status,2, status,0, pclath, cstack
 Tracked objects:
		On entry : 
		On exit  : 
		Unchanged: 
 Data sizes:     COMMON   BANK0   BANK1   BANK3   BANK2
      Params:         0       0       0       0       0
      Locals:         0       0       0       0       0
      Temps:          2       0       0       0       0
      Totals:         2       0       0       0       0
Total ram usage:        2 bytes
 Hardware stack levels used:    1
 Hardware stack levels required when called:    3
 This function calls:
		_InitCOM
		_StopCOM
 This function is called by:
		_main
 This function uses a non-reentrant model


 *************** function _InitES *****************
 Defined at:
		line 85 in file "lab4ej2.c"
 Parameters:    Size  Location     Type
		None
 Auto vars:     Size  Location     Type
		None
 Return value:  Size  Location     Type
                  1    wreg      void 
 Registers used:
		status,2
 Tracked objects:
		On entry : 
		On exit  : 
		Unchanged: 
 Data sizes:     COMMON   BANK0   BANK1   BANK3   BANK2
      Params:         0       0       0       0       0
      Locals:         0       0       0       0       0
      Temps:          0       0       0       0       0
      Totals:         0       0       0       0       0
Total ram usage:        0 bytes
 Hardware stack levels used:    1
 Hardware stack levels required when called:    1
 This function calls:
		Nothing
 This function is called by:
		_main
 This function uses a non-reentrant model


 *************** function _Adquisicion *****************
 Defined at:
		line 108 in file "lab4ej2.c"
 Parameters:    Size  Location     Type
		None
 Auto vars:     Size  Location     Type
		None
 Return value:  Size  Location     Type
                  1    wreg      void 
 Registers used:
		wreg, status,2, status,0, pclath, cstack
 Tracked objects:
		On entry : 
		On exit  : 
		Unchanged: 
 Data sizes:     COMMON   BANK0   BANK1   BANK3   BANK2
      Params:         0       0       0       0       0
      Locals:         0       0       0       0       0
      Temps:          2       0       0       0       0
      Totals:         2       0       0       0       0
Total ram usage:        2 bytes
 Hardware stack levels used:    1
 Hardware stack levels required when called:    3
 This function calls:
		_InitCOM
		_StopCOM
 This function is called by:
		_main
 This function uses a non-reentrant model


 *************** function _StopCOM *****************
 Defined at:
		line 18 in file "I2C.h"
 Parameters:    Size  Location     Type
		None
 Auto vars:     Size  Location     Type
		None
 Return value:  Size  Location     Type
                  2   88[None  ] int 
 Registers used:
		wreg, status,2, status,0, pclath, cstack
 Tracked objects:
		On entry : 
		On exit  : 
		Unchanged: 
 Data sizes:     COMMON   BANK0   BANK1   BANK3   BANK2
      Params:         0       0       0       0       0
      Locals:         0       0       0       0       0
      Temps:          0       0       0       0       0
      Totals:         0       0       0       0       0
Total ram usage:        0 bytes
 Hardware stack levels used:    1
 Hardware stack levels required when called:    2
 This function calls:
		_esperaI2C
 This function is called by:
		_InitI2C
		_Adquisicion
 This function uses a non-reentrant model


 *************** function _esperaI2C *****************
 Defined at:
		line 6 in file "I2C.h"
 Parameters:    Size  Location     Type
		None
 Auto vars:     Size  Location     Type
		None
 Return value:  Size  Location     Type
                  2   79[None  ] int 
 Registers used:
		wreg, status,2
 Tracked objects:
		On entry : 
		On exit  : 
		Unchanged: 
 Data sizes:     COMMON   BANK0   BANK1   BANK3   BANK2
      Params:         0       0       0       0       0
      Locals:         0       0       0       0       0
      Temps:          0       0       0       0       0
      Totals:         0       0       0       0       0
Total ram usage:        0 bytes
 Hardware stack levels used:    1
 Hardware stack levels required when called:    1
 This function calls:
		Nothing
 This function is called by:
		_StopCOM
		_ResetCOM
 This function uses a non-reentrant model


 *************** function _InitCOM *****************
 Defined at:
		line 14 in file "I2C.h"
 Parameters:    Size  Location     Type
		None
 Auto vars:     Size  Location     Type
		None
 Return value:  Size  Location     Type
                  2   85[None  ] int 
 Registers used:
		None
 Tracked objects:
		On entry : 
		On exit  : 
		Unchanged: 
 Data sizes:     COMMON   BANK0   BANK1   BANK3   BANK2
      Params:         0       0       0       0       0
      Locals:         0       0       0       0       0
      Temps:          0       0       0       0       0
      Totals:         0       0       0       0       0
Total ram usage:        0 bytes
 Hardware stack levels used:    1
 Hardware stack levels required when called:    1
 This function calls:
		Nothing
 This function is called by:
		_InitI2C
		_Adquisicion
 This function uses a non-reentrant model


 *************** function _rutinainterrupciones *****************
 Defined at:
		line 40 in file "lab4ej2.c"
 Parameters:    Size  Location     Type
		None
 Auto vars:     Size  Location     Type
		None
 Return value:  Size  Location     Type
                  1    wreg      void 
 Registers used:
		wreg, status,2, status,0
 Tracked objects:
		On entry : 
		On exit  : 
		Unchanged: 
 Data sizes:     COMMON   BANK0   BANK1   BANK3   BANK2
      Params:         0       0       0       0       0
      Locals:         0       0       0       0       0
      Temps:          5       0       0       0       0
      Totals:         5       0       0       0       0
Total ram usage:        5 bytes
 Hardware stack levels used:    1
 This function calls:
		Nothing
 This function is called by:
		Interrupt level 1
 This function uses a non-reentrant model



MODULE INFORMATION

Module		Function		Class		Link	Load	Size
LCD.h
		_invertir      		CODE           	04C3	0000	62
		_LCD           		CODE           	0441	0000	69
		_LCD2          		CODE           	03A5	0000	82
		_inicializacion		CODE           	0173	0000	285
		_subir         		CODE           	0534	0000	42
		_envio         		CODE           	05EA	0000	24
		_bajar         		CODE           	055D	0000	42

LCD.h estimated size: 606

C:\Program Files (x86)\Microchip\xc8\v1.45\sources\common\doprnt.c
		_sprintf       		CODE           	0022	0000	338

C:\Program Files (x86)\Microchip\xc8\v1.45\sources\common\doprnt.c estimated size: 338

C:\Program Files (x86)\Microchip\xc8\v1.45\sources\common\Umul16.c
		___wmul        		CODE           	05AA	0000	36

C:\Program Files (x86)\Microchip\xc8\v1.45\sources\common\Umul16.c estimated size: 36

lab4ej2.c
		_InitTMR1      		CODE           	0601	0000	22
		_InitES        		CODE           	0624	0000	15
		_rutinainterrupciones		CODE           	05CD	0000	30
		_main          		CODE           	0349	0000	93
		_Adquisicion   		CODE           	03F6	0000	76

lab4ej2.c estimated size: 236

I2C.h
		_esperaI2C     		CODE           	0632	0000	10
		_InitCOM       		CODE           	064A	0000	5
		_StopCOM       		CODE           	0643	0000	8
		_InitI2C       		CODE           	028F	0000	187

I2C.h estimated size: 210

C:\Program Files (x86)\Microchip\xc8\v1.45\sources\common\isdigit.c
		_isdigit       		CODE           	0616	0000	15

C:\Program Files (x86)\Microchip\xc8\v1.45\sources\common\isdigit.c estimated size: 15

C:\Program Files (x86)\Microchip\xc8\v1.45\sources\common\lwmod.c
		___lwmod       		CODE           	0500	0000	53

C:\Program Files (x86)\Microchip\xc8\v1.45\sources\common\lwmod.c estimated size: 53

shared
		__stringtab    		STRING         	0586	0000	7
		_dpowers       		STRING         	058C	0000	11
		__initialization		CODE           	0015	0000	10

shared estimated size: 28

C:\Program Files (x86)\Microchip\xc8\v1.45\sources\common\lwdiv.c
		___lwdiv       		CODE           	0485	0000	63

C:\Program Files (x86)\Microchip\xc8\v1.45\sources\common\lwdiv.c estimated size: 63

