Microchip MPLAB XC8 Compiler V1.45 ()

Linker command line:

-W-3 --edf=C:\Program Files (x86)\Microchip\xc8\v1.45\dat\en_msgs.txt -cs \
  -h+dist/default/production\Lab3ej1cheto.X.production.sym \
  --cmf=dist/default/production\Lab3ej1cheto.X.production.cmf -z -Q16F887 \
  -oC:\Users\piniel\AppData\Local\Temp\s860.2 \
  -Mdist/default/production/Lab3ej1cheto.X.production.map -E1 -ver=XC8 \
  -ASTACK=0110h-016fh -pstack=STACK -ACODE=00h-07FFhx4 -ASTRCODE=00h-01FFFh \
  -ASTRING=00h-0FFhx32 -ACONST=00h-0FFhx32 -AENTRY=00h-0FFhx32 \
  -ACOMMON=070h-07Fh -ABANK0=020h-06Fh -ABANK1=0A0h-0EFh \
  -ABANK2=0110h-016Fh -ABANK3=0190h-01EFh \
  -ARAM=020h-06Fh,0A0h-0EFh,0110h-016Fh,0190h-01EFh \
  -AABS1=020h-07Fh,0A0h-0EFh,0110h-016Fh,0190h-01EFh -ASFR0=00h-01Fh \
  -ASFR1=080h-09Fh -ASFR2=0100h-010Fh -ASFR3=0180h-018Fh \
  -preset_vec=00h,intentry,init,end_init -ppowerup=CODE -pcinit=CODE \
  -pfunctab=ENTRY -ACONFIG=02007h-02008h -pconfig=CONFIG -DCONFIG=2 \
  -AIDLOC=02000h-02003h -pidloc=IDLOC -DIDLOC=2 -AEEDATA=00h-0FFh/02100h \
  -peeprom_data=EEDATA -DEEDATA=2 -DCODE=2 -DSTRCODE=2 -DSTRING=2 -DCONST=2 \
  -DENTRY=2 -k C:\Users\piniel\AppData\Local\Temp\s860.obj \
  dist/default/production\Lab3ej1cheto.X.production.obj 

Object code version is 3.11

Machine type is 16F887



                Name                               Link     Load   Length Selector   Space Scale
C:\Users\piniel\AppData\Local\Temp\s860.obj
                end_init                              0        0        3        0       0
                config                             2007     2007        2     400E       0
dist/default/production\Lab3ej1cheto.X.production.obj
                cinit                               7F5      7F5        B      FEA       0
                text9                               552      552        B      AA4       0
                text8                               55D      55D       17      ABA       0
                text7                               617      617       3D      C2E       0
                text6                               654      654       3E      CA8       0
                text5                               59A      59A       29      B34       0
                text4                               5C3      5C3       29      B86       0
                text3                               692      692       47      D24       0
                text2                               6D9      6D9      11C      DB2       0
                text1                               574      574       26      AE8       0
                maintext                            5EC      5EC       2B      BD8       0
                cstackCOMMON                         70       70        8       70       1
                clrtext                             54A      54A        8      A94       0
                bssBANK0                             20       20       20       20       1
                strings                               3        3       20        6       0

TOTAL           Name                               Link     Load   Length     Space
        CLASS   STACK          

        CLASS   CODE           
                end_init                              0        0        3         0
                cinit                               7F5      7F5        B         0
                text9                               552      552        B         0
                text8                               55D      55D       17         0
                text7                               617      617       3D         0
                text6                               654      654       3E         0
                text5                               59A      59A       29         0
                text4                               5C3      5C3       29         0
                text3                               692      692       47         0
                text2                               6D9      6D9      11C         0
                text1                               574      574       26         0
                maintext                            5EC      5EC       2B         0
                clrtext                             54A      54A        8         0

        CLASS   STRCODE        

        CLASS   STRING         
                strings                               3        3       20         0

        CLASS   CONST          

        CLASS   ENTRY          

        CLASS   COMMON         
                cstackCOMMON                         70       70        8         1

        CLASS   BANK0          
                bssBANK0                             20       20       20         1

        CLASS   BANK1          

        CLASS   BANK2          

        CLASS   BANK3          

        CLASS   RAM            

        CLASS   ABS1           
                abs_s1                               7E       7E        2         1

        CLASS   SFR0           

        CLASS   SFR1           

        CLASS   SFR2           

        CLASS   SFR3           

        CLASS   CONFIG         
                config                             2007     2007        2         0

        CLASS   IDLOC          

        CLASS   EEDATA         



SEGMENTS        Name                           Load    Length   Top    Selector   Space  Class     Delta

                reset_vec                      000000  000003  000003         0       0  CODE        2
                strings                        000003  000020  000023         6       0  STRING      2
                bssBANK0                       000020  000020  000040        20       1  BANK0       1
                cstackCOMMON                   000070  000008  000078        70       1  COMMON      1
                clrtext                        00054A  000008  000552       A94       0  CODE        2
                text9                          000552  00000B  00055D       AA4       0  CODE        2
                text8                          00055D  000017  000574       ABA       0  CODE        2
                text1                          000574  000026  00059A       AE8       0  CODE        2
                text5                          00059A  000029  0005C3       B34       0  CODE        2
                text4                          0005C3  000029  0005EC       B86       0  CODE        2
                maintext                       0005EC  00002B  000617       BD8       0  CODE        2
                text7                          000617  00003D  000654       C2E       0  CODE        2
                text6                          000654  00003E  000692       CA8       0  CODE        2
                text3                          000692  000047  0006D9       D24       0  CODE        2
                text2                          0006D9  00011C  0007F5       DB2       0  CODE        2
                cinit                          0007F5  00000B  000800       FEA       0  CODE        2
                config                         002007  000002  002009      400E       0  CONFIG      2


UNUSED ADDRESS RANGES

        Name                Unused          Largest block    Delta
        BANK0            0040-006F             30           1
        BANK1            00A0-00EF             50           1
        BANK2            0110-016F             60           1
        BANK3            0190-01EF             60           1
        CODE             0023-0549            527           2
                         0800-1FFF            800
        COMMON           0078-007D              6           1
        CONST            0023-0549            100           2
                         0800-1FFF            100
        EEDATA           2100-21FF            100           2
        ENTRY            0023-0549            100           2
                         0800-1FFF            100
        IDLOC            2000-2003              4           2
        RAM              0040-006F             30           1
                         00A0-00EF             50
                         0110-016F             60
                         0190-01EF             60
        SFR0             0000-001F             20           1
        SFR1             0080-009F             20           1
        SFR2             0100-010F             10           1
        SFR3             0180-018F             10           1
        STACK            0110-016F             60           1
        STRCODE          0023-0549            527           2
                         0800-1FFF           1800
        STRING           0023-0549            100           2
                         0800-1FFF            100

                                  Symbol Table

?_sprintf                cstackCOMMON 0070
LCD2@letraenvio          cstackCOMMON 0076
LCD2@p2                  cstackCOMMON 0075
LCD@letraenvio           cstackCOMMON 0076
LCD@p1                   cstackCOMMON 0075
_ANSEL                   (abs)        0188
_ANSELH                  (abs)        0189
_InitES                  text9        0552
_LCD                     text6        0654
_LCD2                    text3        0692
_PORTB                   (abs)        0006
_PORTBbits               (abs)        0006
_TRISB                   (abs)        0086
__CFG_BOR4V$BOR40V       (abs)        0000
__CFG_BOREN$ON           (abs)        0000
__CFG_CP$OFF             (abs)        0000
__CFG_CPD$OFF            (abs)        0000
__CFG_FCMEN$ON           (abs)        0000
__CFG_FOSC$HS            (abs)        0000
__CFG_IESO$ON            (abs)        0000
__CFG_LVP$OFF            (abs)        0000
__CFG_MCLRE$ON           (abs)        0000
__CFG_PWRTE$OFF          (abs)        0000
__CFG_WDTE$OFF           (abs)        0000
__CFG_WRT$OFF            (abs)        0000
__Habs1                  abs1         0000
__Hbank0                 bank0        0000
__Hbank1                 bank1        0000
__Hbank2                 bank2        0000
__Hbank3                 bank3        0000
__HbssBANK0              bssBANK0     0000
__Hcinit                 cinit        0800
__Hclrtext               clrtext      0000
__Hcode                  code         0000
__Hcommon                common       0000
__Hconfig                config       2009
__HcstackCOMMON          cstackCOMMON 0000
__Heeprom_data           eeprom_data  0000
__Hend_init              end_init     0003
__Hfunctab               functab      0000
__Hidloc                 idloc        0000
__Hinit                  init         0000
__Hintentry              intentry     0000
__Hmaintext              maintext     0000
__Hpowerup               powerup      0000
__Hram                   ram          0000
__Hreset_vec             reset_vec    0000
__Hsfr0                  sfr0         0000
__Hsfr1                  sfr1         0000
__Hsfr2                  sfr2         0000
__Hsfr3                  sfr3         0000
__Hspace_0               (abs)        2009
__Hspace_1               (abs)        0078
__Hspace_2               (abs)        0000
__Hspace_3               (abs)        0000
__Hstack                 stack        0000
__Hstrings               strings      0000
__Htext                  text         0000
__Labs1                  abs1         0000
__Lbank0                 bank0        0000
__Lbank1                 bank1        0000
__Lbank2                 bank2        0000
__Lbank3                 bank3        0000
__LbssBANK0              bssBANK0     0000
__Lcinit                 cinit        07F5
__Lclrtext               clrtext      0000
__Lcode                  code         0000
__Lcommon                common       0000
__Lconfig                config       2007
__LcstackCOMMON          cstackCOMMON 0000
__Leeprom_data           eeprom_data  0000
__Lend_init              end_init     0000
__Lfunctab               functab      0000
__Lidloc                 idloc        0000
__Linit                  init         0000
__Lintentry              intentry     0000
__Lmaintext              maintext     0000
__Lpowerup               powerup      0000
__Lram                   ram          0000
__Lreset_vec             reset_vec    0000
__Lsfr0                  sfr0         0000
__Lsfr1                  sfr1         0000
__Lsfr2                  sfr2         0000
__Lsfr3                  sfr3         0000
__Lspace_0               (abs)        0000
__Lspace_1               (abs)        0000
__Lspace_2               (abs)        0000
__Lspace_3               (abs)        0000
__Lstack                 stack        0000
__Lstrings               strings      0000
__Ltext                  text         0000
__S0                     (abs)        2009
__S1                     (abs)        0078
__S2                     (abs)        0000
__S3                     (abs)        0000
___int_sp                stack        0000
___latbits               (abs)        0002
___sp                    stack        0000
__end_of_InitES          text9        055D
__end_of_LCD             text6        0692
__end_of_LCD2            text3        06D9
__end_of__initialization cinit        07FC
__end_of__stringtab      strings      0009
__end_of_bajar           text5        05C3
__end_of_envio           text8        0574
__end_of_inicializacion  text2        07F5
__end_of_invertir        text7        0654
__end_of_main            maintext     0617
__end_of_sprintf         text1        059A
__end_of_subir           text4        05EC
__initialization         cinit        07F5
__pbssBANK0              bssBANK0     0020
__pcstackCOMMON          cstackCOMMON 0070
__pmaintext              maintext     05EC
__pstrings               strings      0003
__ptext1                 text1        0574
__ptext2                 text2        06D9
__ptext3                 text3        0692
__ptext4                 text4        05C3
__ptext5                 text5        059A
__ptext6                 text6        0654
__ptext7                 text7        0617
__ptext8                 text8        055D
__ptext9                 text9        0552
__size_of_InitES         (abs)        0000
__size_of_LCD            (abs)        0000
__size_of_LCD2           (abs)        0000
__size_of_bajar          (abs)        0000
__size_of_envio          (abs)        0000
__size_of_inicializacion (abs)        0000
__size_of_invertir       (abs)        0000
__size_of_main           (abs)        0000
__size_of_sprintf        (abs)        0000
__size_of_subir          (abs)        0000
__stringbase             strings      0008
__stringtab              strings      0003
_bajar                   text5        059A
_envio                   text8        055D
_inicializacion          text2        06D9
_invertir                text7        0617
_main                    maintext     05EC
_sprintf                 text1        0574
_subir                   text4        05C3
_texto1                  bssBANK0     0030
_texto2                  bssBANK0     0020
btemp                    (abs)        007E
clear_ram0               clrtext      054A
end_of_initialization    cinit        07FC
intlevel0                functab      0000
intlevel1                functab      0000
intlevel2                functab      0000
intlevel3                functab      0000
intlevel4                functab      0000
intlevel5                functab      0000
invertir@entrada         cstackCOMMON 0072
reset_vec                reset_vec    0000
sprintf@ap               cstackCOMMON 0072
sprintf@c                cstackCOMMON 0073
sprintf@f                cstackCOMMON 0070
sprintf@sp               cstackCOMMON 0074
stackhi                  (abs)        0000
stacklo                  (abs)        0000
start                    init         0000
start_initialization     cinit        07F5
wtemp0                   (abs)        007E


FUNCTION INFORMATION:

 *************** function _main *****************
 Defined at:
		line 45 in file "lab3ej1cheto.c"
 Parameters:    Size  Location     Type
		None
 Auto vars:     Size  Location     Type
		None
 Return value:  Size  Location     Type
                  1    wreg      void 
 Registers used:
		wreg, fsr0l, fsr0h, status,2, status,0, pclath, cstack
 Tracked objects:
		On entry : 
		On exit  : 
		Unchanged: 
 Data sizes:     COMMON   BANK0   BANK1   BANK3   BANK2
      Params:         0       0       0       0       0
      Locals:         0       0       0       0       0
      Temps:          1       0       0       0       0
      Totals:         1       0       0       0       0
Total ram usage:        1 bytes
 Hardware stack levels required when called:    2
 This function calls:
		_InitES
		_LCD
		_LCD2
		_inicializacion
		_sprintf
 This function is called by:
		Startup code after reset
 This function uses a non-reentrant model


 *************** function _sprintf *****************
 Defined at:
		line 492 in file "C:\Program Files (x86)\Microchip\xc8\v1.45\sources\common\doprnt.c"
 Parameters:    Size  Location     Type
  sp              1    wreg     PTR unsigned char 
		 -> texto2(16), texto1(16), 
  f               1    0[COMMON] PTR const unsigned char 
		 -> STR_2(11), STR_1(15), 
 Auto vars:     Size  Location     Type
  sp              1    4[COMMON] PTR unsigned char 
		 -> texto2(16), texto1(16), 
  tmpval          4    0        struct .
  cp              2    0        PTR const unsigned char 
  len             2    0        unsigned int 
  val             2    0        unsigned int 
  c               1    3[COMMON] char 
  ap              1    2[COMMON] PTR void [1]
		 -> ?_sprintf(2), 
  flag            1    0        unsigned char 
  prec            1    0        char 
 Return value:  Size  Location     Type
                  2    0[COMMON] int 
 Registers used:
		wreg, fsr0l, fsr0h, status,2, status,0, pclath
 Tracked objects:
		On entry : 
		On exit  : 
		Unchanged: 
 Data sizes:     COMMON   BANK0   BANK1   BANK3   BANK2
      Params:         1       0       0       0       0
      Locals:         3       0       0       0       0
      Temps:          1       0       0       0       0
      Totals:         5       0       0       0       0
Total ram usage:        5 bytes
 Hardware stack levels used:    2
 This function calls:
		Nothing
 This function is called by:
		_main
 This function uses a non-reentrant model


 *************** function _inicializacion *****************
 Defined at:
		line 27 in file "LCD.h"
 Parameters:    Size  Location     Type
		None
 Auto vars:     Size  Location     Type
		None
 Return value:  Size  Location     Type
                  1    wreg      void 
 Registers used:
		wreg
 Tracked objects:
		On entry : 
		On exit  : 
		Unchanged: 
 Data sizes:     COMMON   BANK0   BANK1   BANK3   BANK2
      Params:         0       0       0       0       0
      Locals:         0       0       0       0       0
      Temps:          2       0       0       0       0
      Totals:         2       0       0       0       0
Total ram usage:        2 bytes
 Hardware stack levels used:    1
 This function calls:
		Nothing
 This function is called by:
		_main
 This function uses a non-reentrant model


 *************** function _LCD2 *****************
 Defined at:
		line 195 in file "LCD.h"
 Parameters:    Size  Location     Type
  p2              1    wreg     PTR unsigned char 
		 -> texto2(16), 
 Auto vars:     Size  Location     Type
  p2              1    5[COMMON] PTR unsigned char 
		 -> texto2(16), 
  letraenvio      1    6[COMMON] unsigned char 
 Return value:  Size  Location     Type
                  1    wreg      void 
 Registers used:
		wreg, fsr0l, fsr0h, status,2, status,0, pclath, cstack
 Tracked objects:
		On entry : 
		On exit  : 
		Unchanged: 
 Data sizes:     COMMON   BANK0   BANK1   BANK3   BANK2
      Params:         0       0       0       0       0
      Locals:         2       0       0       0       0
      Temps:          2       0       0       0       0
      Totals:         4       0       0       0       0
Total ram usage:        4 bytes
 Hardware stack levels used:    1
 Hardware stack levels required when called:    1
 This function calls:
		_bajar
		_envio
		_invertir
		_subir
 This function is called by:
		_main
 This function uses a non-reentrant model


 *************** function _subir *****************
 Defined at:
		line 157 in file "LCD.h"
 Parameters:    Size  Location     Type
		None
 Auto vars:     Size  Location     Type
		None
 Return value:  Size  Location     Type
                  1    wreg      void 
 Registers used:
		wreg
 Tracked objects:
		On entry : 
		On exit  : 
		Unchanged: 
 Data sizes:     COMMON   BANK0   BANK1   BANK3   BANK2
      Params:         0       0       0       0       0
      Locals:         0       0       0       0       0
      Temps:          2       0       0       0       0
      Totals:         2       0       0       0       0
Total ram usage:        2 bytes
 Hardware stack levels used:    1
 This function calls:
		Nothing
 This function is called by:
		_LCD2
 This function uses a non-reentrant model


 *************** function _bajar *****************
 Defined at:
		line 135 in file "LCD.h"
 Parameters:    Size  Location     Type
		None
 Auto vars:     Size  Location     Type
		None
 Return value:  Size  Location     Type
                  1    wreg      void 
 Registers used:
		wreg
 Tracked objects:
		On entry : 
		On exit  : 
		Unchanged: 
 Data sizes:     COMMON   BANK0   BANK1   BANK3   BANK2
      Params:         0       0       0       0       0
      Locals:         0       0       0       0       0
      Temps:          2       0       0       0       0
      Totals:         2       0       0       0       0
Total ram usage:        2 bytes
 Hardware stack levels used:    1
 This function calls:
		Nothing
 This function is called by:
		_LCD2
 This function uses a non-reentrant model


 *************** function _LCD *****************
 Defined at:
		line 179 in file "LCD.h"
 Parameters:    Size  Location     Type
  p1              1    wreg     PTR unsigned char 
		 -> texto1(16), 
 Auto vars:     Size  Location     Type
  p1              1    5[COMMON] PTR unsigned char 
		 -> texto1(16), 
  letraenvio      1    6[COMMON] unsigned char 
 Return value:  Size  Location     Type
                  1    wreg      void 
 Registers used:
		wreg, fsr0l, fsr0h, status,2, status,0, pclath, cstack
 Tracked objects:
		On entry : 
		On exit  : 
		Unchanged: 
 Data sizes:     COMMON   BANK0   BANK1   BANK3   BANK2
      Params:         0       0       0       0       0
      Locals:         2       0       0       0       0
      Temps:          2       0       0       0       0
      Totals:         4       0       0       0       0
Total ram usage:        4 bytes
 Hardware stack levels used:    1
 Hardware stack levels required when called:    1
 This function calls:
		_envio
		_invertir
 This function is called by:
		_main
 This function uses a non-reentrant model


 *************** function _invertir *****************
 Defined at:
		line 9 in file "LCD.h"
 Parameters:    Size  Location     Type
  entrada         1    wreg     unsigned char 
 Auto vars:     Size  Location     Type
  entrada         1    2[COMMON] unsigned char 
 Return value:  Size  Location     Type
                  1    wreg      void 
 Registers used:
		wreg, status,2, status,0
 Tracked objects:
		On entry : 
		On exit  : 
		Unchanged: 
 Data sizes:     COMMON   BANK0   BANK1   BANK3   BANK2
      Params:         0       0       0       0       0
      Locals:         1       0       0       0       0
      Temps:          2       0       0       0       0
      Totals:         3       0       0       0       0
Total ram usage:        3 bytes
 Hardware stack levels used:    1
 This function calls:
		Nothing
 This function is called by:
		_LCD
		_LCD2
 This function uses a non-reentrant model


 *************** function _envio *****************
 Defined at:
		line 17 in file "LCD.h"
 Parameters:    Size  Location     Type
		None
 Auto vars:     Size  Location     Type
		None
 Return value:  Size  Location     Type
                  1    wreg      void 
 Registers used:
		wreg
 Tracked objects:
		On entry : 
		On exit  : 
		Unchanged: 
 Data sizes:     COMMON   BANK0   BANK1   BANK3   BANK2
      Params:         0       0       0       0       0
      Locals:         0       0       0       0       0
      Temps:          2       0       0       0       0
      Totals:         2       0       0       0       0
Total ram usage:        2 bytes
 Hardware stack levels used:    1
 This function calls:
		Nothing
 This function is called by:
		_LCD
		_LCD2
 This function uses a non-reentrant model


 *************** function _InitES *****************
 Defined at:
		line 37 in file "lab3ej1cheto.c"
 Parameters:    Size  Location     Type
		None
 Auto vars:     Size  Location     Type
		None
 Return value:  Size  Location     Type
                  1    wreg      void 
 Registers used:
		status,2
 Tracked objects:
		On entry : 
		On exit  : 
		Unchanged: 
 Data sizes:     COMMON   BANK0   BANK1   BANK3   BANK2
      Params:         0       0       0       0       0
      Locals:         0       0       0       0       0
      Temps:          0       0       0       0       0
      Totals:         0       0       0       0       0
Total ram usage:        0 bytes
 Hardware stack levels used:    1
 This function calls:
		Nothing
 This function is called by:
		_main
 This function uses a non-reentrant model



MODULE INFORMATION

Module		Function		Class		Link	Load	Size
LCD.h
		_invertir      		CODE           	0617	0000	62
		_LCD           		CODE           	0654	0000	63
		_LCD2          		CODE           	0692	0000	72
		_inicializacion		CODE           	06D9	0000	285
		_subir         		CODE           	05C3	0000	42
		_envio         		CODE           	055D	0000	24
		_bajar         		CODE           	059A	0000	42

LCD.h estimated size: 590

C:\Program Files (x86)\Microchip\xc8\v1.45\sources\common\doprnt.c
		_sprintf       		CODE           	0574	0000	39

C:\Program Files (x86)\Microchip\xc8\v1.45\sources\common\doprnt.c estimated size: 39

lab3ej1cheto.c
		_InitES        		CODE           	0552	0000	12
		_main          		CODE           	05EC	0000	44

lab3ej1cheto.c estimated size: 56

shared
		__stringtab    		STRING         	0003	0000	7
		__initialization		CODE           	07F5	0000	8

shared estimated size: 15

