Microchip MPLAB XC8 Compiler V1.45 ()

Linker command line:

-W-3 --edf=C:\Program Files (x86)\Microchip\xc8\v1.45\dat\en_msgs.txt -cs \
  -h+dist/default/production\lab5ej2.X.production.sym \
  --cmf=dist/default/production\lab5ej2.X.production.cmf -z -Q16F887 \
  -oC:\Users\piniel\AppData\Local\Temp\s9h8.2 \
  -Mdist/default/production/lab5ej2.X.production.map -E1 -ver=XC8 \
  -ASTACK=0110h-016fh -pstack=STACK -ACODE=00h-07FFhx4 -ASTRCODE=00h-01FFFh \
  -ASTRING=00h-0FFhx32 -ACONST=00h-0FFhx32 -AENTRY=00h-0FFhx32 \
  -ACOMMON=070h-07Fh -ABANK0=020h-06Fh -ABANK1=0A0h-0EFh \
  -ABANK2=0110h-016Fh -ABANK3=0190h-01EFh \
  -ARAM=020h-06Fh,0A0h-0EFh,0110h-016Fh,0190h-01EFh \
  -AABS1=020h-07Fh,0A0h-0EFh,0110h-016Fh,0190h-01EFh -ASFR0=00h-01Fh \
  -ASFR1=080h-09Fh -ASFR2=0100h-010Fh -ASFR3=0180h-018Fh \
  -preset_vec=00h,intentry=04h,init,end_init -ppowerup=CODE -pcinit=CODE \
  -pfunctab=ENTRY -ACONFIG=02007h-02008h -pconfig=CONFIG -DCONFIG=2 \
  -AIDLOC=02000h-02003h -pidloc=IDLOC -DIDLOC=2 -AEEDATA=00h-0FFh/02100h \
  -peeprom_data=EEDATA -DEEDATA=2 -DCODE=2 -DSTRCODE=2 -DSTRING=2 -DCONST=2 \
  -DENTRY=2 -k C:\Users\piniel\AppData\Local\Temp\s9h8.obj \
  dist/default/production\lab5ej2.X.production.obj 

Object code version is 3.11

Machine type is 16F887



                Name                               Link     Load   Length Selector   Space Scale
C:\Users\piniel\AppData\Local\Temp\s9h8.obj
                end_init                             12       12        3        8       0
                reset_vec                             0        0        3        0       0
                config                             2007     2007        2     400E       0
dist/default/production\lab5ej2.X.production.obj
                cinit                                15       15       1D        8       0
                intentry                              4        4        E        8       0
                text19                              F26      F26       1D     1E4C       0
                text18                              780      780       5B      F00       0
                text17                              657      657       6E        8       0
                text16                              7DB      7DB       25      F00       0
                text15                              2E5      2E5      109        8       0
                text14                              4F6      4F6       D3        8       0
                text13                              ECE      ECE        A     1D9C       0
                text12                              5C9      5C9       8E        8       0
                text11                              1A8      1A8      13D        8       0
                text10                              EFC      EFC       15     1DF8       0
                text9                               F11      F11       15     1E22       0
                text8                               EE8      EE8       14     1DD0       0
                text7                               6C5      6C5       5F        8       0
                text6                               F66      F66       28     1ECC       0
                text5                               FC2      FC2       3E     1F84       0
                text4                               F8E      F8E       34     1F1C       0
                text3                               F43      F43       23     1E86       0
                text2                               ED8      ED8       10     1DB0       0
                text1                                32       32      176        8       0
                maintext                            3EE      3EE      108        8       0
                cstackBANK0                          20       20       42       20       1
                cstackCOMMON                         70       70        5       70       1
                cstackBANK1                          ED       ED        2       A0       1
                cstackBANK3                         190      190        2      190       1
                clrtext                             EC6      EC6        8     1D8C       0
                bssBANK1                             A0       A0       4D       A0       1
                bssBANK0                             62       62        D       20       1
                dataCOMMON                           79       79        1       70       1
                bssCOMMON                            75       75        4       70       1
                strings                             724      724       5C      E48       0
                idataCOMMON                           3        3        1        0       0

TOTAL           Name                               Link     Load   Length     Space
        CLASS   STACK          

        CLASS   CODE           
                end_init                             12       12        3         0
                cinit                                15       15       1D         0
                intentry                              4        4        E         0
                reset_vec                             0        0        3         0
                text19                              F26      F26       1D         0
                text18                              780      780       5B         0
                text17                              657      657       6E         0
                text16                              7DB      7DB       25         0
                text15                              2E5      2E5      109         0
                text14                              4F6      4F6       D3         0
                text13                              ECE      ECE        A         0
                text12                              5C9      5C9       8E         0
                text11                              1A8      1A8      13D         0
                text10                              EFC      EFC       15         0
                text9                               F11      F11       15         0
                text8                               EE8      EE8       14         0
                text7                               6C5      6C5       5F         0
                text6                               F66      F66       28         0
                text5                               FC2      FC2       3E         0
                text4                               F8E      F8E       34         0
                text3                               F43      F43       23         0
                text2                               ED8      ED8       10         0
                text1                                32       32      176         0
                maintext                            3EE      3EE      108         0
                clrtext                             EC6      EC6        8         0
                idataCOMMON                           3        3        1         0

        CLASS   STRCODE        

        CLASS   STRING         
                strings                             724      724       5C         0

        CLASS   CONST          

        CLASS   ENTRY          

        CLASS   COMMON         
                cstackCOMMON                         70       70        5         1
                dataCOMMON                           79       79        1         1
                bssCOMMON                            75       75        4         1

        CLASS   BANK0          
                cstackBANK0                          20       20       42         1
                bssBANK0                             62       62        D         1

        CLASS   BANK1          
                cstackBANK1                          ED       ED        2         1
                bssBANK1                             A0       A0       4D         1

        CLASS   BANK2          

        CLASS   BANK3          
                cstackBANK3                         190      190        2         1

        CLASS   RAM            

        CLASS   ABS1           
                abs_s1                               7E       7E        2         1

        CLASS   SFR0           

        CLASS   SFR1           

        CLASS   SFR2           

        CLASS   SFR3           

        CLASS   CONFIG         
                config                             2007     2007        2         0

        CLASS   IDLOC          

        CLASS   EEDATA         



SEGMENTS        Name                           Load    Length   Top    Selector   Space  Class     Delta

                reset_vec                      000000  000004  000004         0       0  CODE        2
                intentry                       000004  000720  000724         8       0  CODE        2
                cstackBANK0                    000020  00004F  00006F        20       1  BANK0       1
                cstackCOMMON                   000070  00000A  00007A        70       1  COMMON      1
                bssBANK1                       0000A0  00004F  0000EF        A0       1  BANK1       1
                cstackBANK3                    000190  000002  000192       190       1  BANK3       1
                strings                        000724  00005C  000780       E48       0  STRING      2
                text18                         000780  000080  000800       F00       0  CODE        2
                clrtext                        000EC6  000008  000ECE      1D8C       0  CODE        2
                text13                         000ECE  00000A  000ED8      1D9C       0  CODE        2
                text2                          000ED8  000010  000EE8      1DB0       0  CODE        2
                text8                          000EE8  000014  000EFC      1DD0       0  CODE        2
                text10                         000EFC  000015  000F11      1DF8       0  CODE        2
                text9                          000F11  000015  000F26      1E22       0  CODE        2
                text19                         000F26  00001D  000F43      1E4C       0  CODE        2
                text3                          000F43  000023  000F66      1E86       0  CODE        2
                text6                          000F66  000028  000F8E      1ECC       0  CODE        2
                text4                          000F8E  000034  000FC2      1F1C       0  CODE        2
                text5                          000FC2  00003E  001000      1F84       0  CODE        2
                config                         002007  000002  002009      400E       0  CONFIG      2


UNUSED ADDRESS RANGES

        Name                Unused          Largest block    Delta
        BANK0            006F-006F              1           1
        BANK1            00EF-00EF              1           1
        BANK2            0110-016F             60           1
        BANK3            0192-01EF             5E           1
        CODE             0800-0EC5            6C6           2
                         1000-1FFF            800
        COMMON           007A-007D              4           1
        CONST            0800-0EC5            100           2
                         1000-1FFF            100
        EEDATA           2100-21FF            100           2
        ENTRY            0800-0EC5            100           2
                         1000-1FFF            100
        IDLOC            2000-2003              4           2
        RAM              006F-006F              1           1
                         00EF-00EF              1
                         0110-016F             60
                         0192-01EF             5E
        SFR0             0000-001F             20           1
        SFR1             0080-009F             20           1
        SFR2             0100-010F             10           1
        SFR3             0180-018F             10           1
        STACK            0110-016F             60           1
        STRCODE          0800-0EC5            6C6           2
                         1000-1FFF           1000
        STRING           0800-0EC5            100           2
                         1000-1FFF            100

                                  Symbol Table

?___awdiv                      cstackBANK0  0020
?___awtoft                     cstackBANK0  0029
?___ftadd                      cstackBANK0  0042
?___ftmul                      cstackBANK0  0032
?___ftneg                      cstackBANK0  002F
?___ftpack                     cstackBANK0  0020
?___fttol                      cstackBANK0  004F
?___lwdiv                      cstackBANK0  0020
?___lwmod                      cstackBANK0  0028
?___wmul                       cstackBANK0  0020
?_sprintf                      cstackBANK0  002E
_ADCON0                        (abs)        001F
_ADCON0bits                    (abs)        001F
_ADCON1bits                    (abs)        009F
_ADRESH                        (abs)        001E
_ADRESL                        (abs)        009E
_ANSEL                         (abs)        0188
_ANSELH                        (abs)        0189
_Adquisicion                   text11       01A8
_Adquisicion$882               cstackBANK0  005F
_BAUDCTLbits                   (abs)        0187
_Banderaconv                   bssBANK0     006C
_Contador                      bssCOMMON    0078
_INTCONbits                    (abs)        000B
_InitES                        text10       0EFC
_InitTMR1                      text9        0F11
_InitUSART                     text8        0EE8
_PIE1bits                      (abs)        008C
_PIR1bits                      (abs)        000C
_PORTA                         (abs)        0005
_RCSTAbits                     (abs)        0018
_SPBRG                         (abs)        0099
_SPBRGH                        (abs)        009A
_T1CON                         (abs)        0010
_T1CONbits                     (abs)        0010
_TMR1                          (abs)        000E
_TRISA                         (abs)        0085
_TRISB                         (abs)        0086
_TRISCbits                     (abs)        0087
_TXREG                         (abs)        0019
_TXSTAbits                     (abs)        0098
__CFG_BOR4V$BOR40V             (abs)        0000
__CFG_BOREN$ON                 (abs)        0000
__CFG_CP$OFF                   (abs)        0000
__CFG_CPD$OFF                  (abs)        0000
__CFG_FCMEN$ON                 (abs)        0000
__CFG_FOSC$HS                  (abs)        0000
__CFG_IESO$ON                  (abs)        0000
__CFG_LVP$OFF                  (abs)        0000
__CFG_MCLRE$ON                 (abs)        0000
__CFG_PWRTE$OFF                (abs)        0000
__CFG_WDTE$OFF                 (abs)        0000
__CFG_WRT$OFF                  (abs)        0000
__Habs1                        abs1         0000
__Hbank0                       bank0        0000
__Hbank1                       bank1        0000
__Hbank2                       bank2        0000
__Hbank3                       bank3        0000
__HbssBANK0                    bssBANK0     0000
__HbssBANK1                    bssBANK1     0000
__HbssCOMMON                   bssCOMMON    0000
__Hcinit                       cinit        0032
__Hclrtext                     clrtext      0000
__Hcode                        code         0000
__Hcommon                      common       0000
__Hconfig                      config       2009
__HcstackBANK0                 cstackBANK0  0000
__HcstackBANK1                 cstackBANK1  0000
__HcstackBANK3                 cstackBANK3  0000
__HcstackCOMMON                cstackCOMMON 0000
__HdataCOMMON                  dataCOMMON   0000
__Heeprom_data                 eeprom_data  0000
__Hend_init                    end_init     0015
__Hfunctab                     functab      0000
__HidataCOMMON                 idataCOMMON  0000
__Hidloc                       idloc        0000
__Hinit                        init         0012
__Hintentry                    intentry     0012
__Hmaintext                    maintext     0000
__Hpowerup                     powerup      0000
__Hram                         ram          0000
__Hreset_vec                   reset_vec    0003
__Hsfr0                        sfr0         0000
__Hsfr1                        sfr1         0000
__Hsfr2                        sfr2         0000
__Hsfr3                        sfr3         0000
__Hspace_0                     (abs)        2009
__Hspace_1                     (abs)        0192
__Hspace_2                     (abs)        0000
__Hspace_3                     (abs)        0000
__Hstack                       stack        0000
__Hstrings                     strings      0000
__Htext                        text         0000
__Labs1                        abs1         0000
__Lbank0                       bank0        0000
__Lbank1                       bank1        0000
__Lbank2                       bank2        0000
__Lbank3                       bank3        0000
__LbssBANK0                    bssBANK0     0000
__LbssBANK1                    bssBANK1     0000
__LbssCOMMON                   bssCOMMON    0000
__Lcinit                       cinit        0015
__Lclrtext                     clrtext      0000
__Lcode                        code         0000
__Lcommon                      common       0000
__Lconfig                      config       2007
__LcstackBANK0                 cstackBANK0  0000
__LcstackBANK1                 cstackBANK1  0000
__LcstackBANK3                 cstackBANK3  0000
__LcstackCOMMON                cstackCOMMON 0000
__LdataCOMMON                  dataCOMMON   0000
__Leeprom_data                 eeprom_data  0000
__Lend_init                    end_init     0012
__Lfunctab                     functab      0000
__LidataCOMMON                 idataCOMMON  0000
__Lidloc                       idloc        0000
__Linit                        init         0012
__Lintentry                    intentry     0004
__Lmaintext                    maintext     0000
__Lpowerup                     powerup      0000
__Lram                         ram          0000
__Lreset_vec                   reset_vec    0000
__Lsfr0                        sfr0         0000
__Lsfr1                        sfr1         0000
__Lsfr2                        sfr2         0000
__Lsfr3                        sfr3         0000
__Lspace_0                     (abs)        0000
__Lspace_1                     (abs)        0000
__Lspace_2                     (abs)        0000
__Lspace_3                     (abs)        0000
__Lstack                       stack        0000
__Lstrings                     strings      0000
__Ltext                        text         0000
__S0                           (abs)        2009
__S1                           (abs)        0192
__S2                           (abs)        0000
__S3                           (abs)        0000
___awdiv                       text18       0780
___awdiv@counter               cstackBANK0  0025
___awdiv@dividend              cstackBANK0  0022
___awdiv@divisor               cstackBANK0  0020
___awdiv@quotient              cstackBANK0  0027
___awdiv@sign                  cstackBANK0  0026
___awtoft                      text16       07DB
___awtoft@c                    cstackBANK0  0029
___awtoft@sign                 cstackBANK0  002E
___ftadd                       text15       02E5
___ftadd@exp1                  cstackBANK0  004E
___ftadd@exp2                  cstackBANK0  004D
___ftadd@f1                    cstackBANK0  0042
___ftadd@f2                    cstackBANK0  0045
___ftadd@sign                  cstackBANK0  004C
___ftge                        text7        06C5
___ftge@ff1                    cstackBANK0  0020
___ftge@ff2                    cstackBANK0  0023
___ftmul                       text14       04F6
___ftmul@cntr                  cstackBANK0  0040
___ftmul@exp                   cstackBANK0  003C
___ftmul@f1                    cstackBANK0  0032
___ftmul@f2                    cstackBANK0  0035
___ftmul@f3_as_product         cstackBANK0  003D
___ftmul@sign                  cstackBANK0  0041
___ftneg                       text13       0ECE
___ftneg@f1                    cstackBANK0  002F
___ftpack                      text17       0657
___ftpack@arg                  cstackBANK0  0020
___ftpack@exp                  cstackBANK0  0023
___ftpack@sign                 cstackBANK0  0024
___fttol                       text12       05C9
___fttol@exp1                  cstackBANK0  005C
___fttol@f1                    cstackBANK0  004F
___fttol@lval                  cstackBANK0  0058
___fttol@sign1                 cstackBANK0  0057
___int_sp                      stack        0000
___latbits                     (abs)        0002
___lwdiv                       text5        0FC2
___lwdiv@counter               cstackBANK0  0025
___lwdiv@dividend              cstackBANK0  0022
___lwdiv@divisor               cstackBANK0  0020
___lwdiv@quotient              cstackBANK0  0026
___lwmod                       text4        0F8E
___lwmod@counter               cstackBANK0  002D
___lwmod@dividend              cstackBANK0  002A
___lwmod@divisor               cstackBANK0  0028
___sp                          stack        0000
___wmul                        text3        0F43
___wmul@multiplicand           cstackBANK0  0022
___wmul@multiplier             cstackBANK0  0020
___wmul@product                cstackBANK0  0024
__end_of_Adquisicion           text11       02E5
__end_of_InitES                text10       0F11
__end_of_InitTMR1              text9        0F26
__end_of_InitUSART             text8        0EFC
__end_of___awdiv               text18       07DB
__end_of___awtoft              text16       0800
__end_of___ftadd               text15       03EE
__end_of___ftge                text7        0724
__end_of___ftmul               text14       05C9
__end_of___ftneg               text13       0ED8
__end_of___ftpack              text17       06C5
__end_of___fttol               text12       0657
__end_of___lwdiv               text5        1000
__end_of___lwmod               text4        0FC2
__end_of___wmul                text3        0F66
__end_of__initialization       cinit        002E
__end_of__stringtab            strings      072A
__end_of_correccion            text6        0F8E
__end_of_dpowers               strings      0734
__end_of_isdigit               text2        0EE8
__end_of_main                  maintext     04F6
__end_of_rutinainterrupciones  text19       0F43
__end_of_sprintf               text1        01A8
__initialization               cinit        0015
__pbssBANK0                    bssBANK0     0062
__pbssBANK1                    bssBANK1     00A0
__pbssCOMMON                   bssCOMMON    0075
__pcstackBANK0                 cstackBANK0  0020
__pcstackBANK1                 cstackBANK1  00ED
__pcstackBANK3                 cstackBANK3  0190
__pcstackCOMMON                cstackCOMMON 0070
__pdataCOMMON                  dataCOMMON   0079
__pidataCOMMON                 idataCOMMON  0003
__pintentry                    intentry     0004
__pmaintext                    maintext     03EE
__pstrings                     strings      0724
__ptext1                       text1        0032
__ptext10                      text10       0EFC
__ptext11                      text11       01A8
__ptext12                      text12       05C9
__ptext13                      text13       0ECE
__ptext14                      text14       04F6
__ptext15                      text15       02E5
__ptext16                      text16       07DB
__ptext17                      text17       0657
__ptext18                      text18       0780
__ptext19                      text19       0F26
__ptext2                       text2        0ED8
__ptext3                       text3        0F43
__ptext4                       text4        0F8E
__ptext5                       text5        0FC2
__ptext6                       text6        0F66
__ptext7                       text7        06C5
__ptext8                       text8        0EE8
__ptext9                       text9        0F11
__size_of_Adquisicion          (abs)        0000
__size_of_InitES               (abs)        0000
__size_of_InitTMR1             (abs)        0000
__size_of_InitUSART            (abs)        0000
__size_of___awdiv              (abs)        0000
__size_of___awtoft             (abs)        0000
__size_of___ftadd              (abs)        0000
__size_of___ftge               (abs)        0000
__size_of___ftmul              (abs)        0000
__size_of___ftneg              (abs)        0000
__size_of___ftpack             (abs)        0000
__size_of___fttol              (abs)        0000
__size_of___lwdiv              (abs)        0000
__size_of___lwmod              (abs)        0000
__size_of___wmul               (abs)        0000
__size_of_correccion           (abs)        0000
__size_of_isdigit              (abs)        0000
__size_of_main                 (abs)        0000
__size_of_rutinainterrupciones (abs)        0000
__size_of_sprintf              (abs)        0000
__stringbase                   strings      0729
__stringtab                    strings      0724
_adc                           bssBANK0     006D
_banderaadquirido              bssBANK0     006B
_centemp                       bssBANK0     0065
_correccion                    text6        0F66
_dectemp                       bssBANK0     0067
_dpowers                       strings      072A
_escritura                     bssBANK1     00A2
_isdigit                       text2        0ED8
_isdigit$681                   cstackBANK0  0020
_main                          maintext     03EE
_rutinainterrupciones          text19       0F26
_sprintf                       text1        0032
_temp                          bssBANK0     0062
_unitemp                       bssBANK0     0069
_valor1                        bssCOMMON    0075
_valormedido                   bssBANK1     00CA
btemp                          (abs)        007E
clear_ram0                     clrtext      0EC6
correccion@i                   cstackBANK0  0020
end_of_initialization          cinit        002E
interrupt_function             intentry     0004
intlevel0                      functab      0000
intlevel1                      functab      0000
intlevel2                      functab      0000
intlevel3                      functab      0000
intlevel4                      functab      0000
intlevel5                      functab      0000
isdigit@c                      cstackBANK0  0021
main@i                         cstackBANK3  0190
reset_vec                      reset_vec    0000
saved_w                        (abs)        007E
sprintf@ap                     cstackBANK0  0038
sprintf@c                      cstackBANK0  0040
sprintf@f                      cstackBANK0  002E
sprintf@flag                   cstackBANK0  003A
sprintf@prec                   cstackBANK0  0039
sprintf@sp                     cstackBANK0  003F
sprintf@val                    cstackBANK0  003B
sprintf@width                  cstackBANK0  003D
stackhi                        (abs)        0000
stacklo                        (abs)        0000
start                          init         0012
start_initialization           cinit        0015
wtemp0                         (abs)        007E


FUNCTION INFORMATION:

 *************** function _main *****************
 Defined at:
		line 62 in file "lab5ej2.c"
 Parameters:    Size  Location     Type
		None
 Auto vars:     Size  Location     Type
  i               2    0[BANK3 ] unsigned int 
 Return value:  Size  Location     Type
                  1    wreg      void 
 Registers used:
		wreg, fsr0l, fsr0h, status,2, status,0, btemp+1, pclath, cstack
 Tracked objects:
		On entry : 
		On exit  : 
		Unchanged: 
 Data sizes:     COMMON   BANK0   BANK1   BANK3   BANK2
      Params:         0       0       0       0       0
      Locals:         0       0       0       2       0
      Temps:          0       0       2       0       0
      Totals:         0       0       2       2       0
Total ram usage:        4 bytes
 Hardware stack levels required when called:    4
 This function calls:
		_Adquisicion
		_InitES
		_InitTMR1
		_InitUSART
		___ftge
		_correccion
		_sprintf
 This function is called by:
		Startup code after reset
 This function uses a non-reentrant model


 *************** function _sprintf *****************
 Defined at:
		line 492 in file "C:\Program Files (x86)\Microchip\xc8\v1.45\sources\common\doprnt.c"
 Parameters:    Size  Location     Type
  sp              1    wreg     PTR unsigned char 
		 -> valormedido(35), escritura(40), 
  f               1   14[BANK0 ] PTR const unsigned char 
		 -> STR_3(19), STR_2(15), STR_1(42), 
 Auto vars:     Size  Location     Type
  sp              1   31[BANK0 ] PTR unsigned char 
		 -> valormedido(35), escritura(40), 
  tmpval          4    0        struct .
  width           2   29[BANK0 ] int 
  val             2   27[BANK0 ] unsigned int 
  cp              2    0        PTR const unsigned char 
  len             2    0        unsigned int 
  c               1   32[BANK0 ] char 
  flag            1   26[BANK0 ] unsigned char 
  prec            1   25[BANK0 ] char 
  ap              1   24[BANK0 ] PTR void [1]
		 -> ?_sprintf(2), 
 Return value:  Size  Location     Type
                  2   14[BANK0 ] int 
 Registers used:
		wreg, fsr0l, fsr0h, status,2, status,0, btemp+1, pclath, cstack
 Tracked objects:
		On entry : 
		On exit  : 
		Unchanged: 
 Data sizes:     COMMON   BANK0   BANK1   BANK3   BANK2
      Params:         0       7       0       0       0
      Locals:         0       9       0       0       0
      Temps:          0       3       0       0       0
      Totals:         0      19       0       0       0
Total ram usage:       19 bytes
 Hardware stack levels used:    1
 Hardware stack levels required when called:    2
 This function calls:
		___lwdiv
		___lwmod
		___wmul
		_isdigit
 This function is called by:
		_main
 This function uses a non-reentrant model


 *************** function _isdigit *****************
 Defined at:
		line 8 in file "C:\Program Files (x86)\Microchip\xc8\v1.45\sources\common\isdigit.c"
 Parameters:    Size  Location     Type
  c               1    wreg     unsigned char 
 Auto vars:     Size  Location     Type
  c               1    1[BANK0 ] unsigned char 
 Return value:  Size  Location     Type
		None               void
 Registers used:
		wreg, status,2, status,0
 Tracked objects:
		On entry : 
		On exit  : 
		Unchanged: 
 Data sizes:     COMMON   BANK0   BANK1   BANK3   BANK2
      Params:         0       0       0       0       0
      Locals:         0       2       0       0       0
      Temps:          0       0       0       0       0
      Totals:         0       2       0       0       0
Total ram usage:        2 bytes
 Hardware stack levels used:    1
 Hardware stack levels required when called:    1
 This function calls:
		Nothing
 This function is called by:
		_sprintf
 This function uses a non-reentrant model


 *************** function ___wmul *****************
 Defined at:
		line 15 in file "C:\Program Files (x86)\Microchip\xc8\v1.45\sources\common\Umul16.c"
 Parameters:    Size  Location     Type
  multiplier      2    0[BANK0 ] unsigned int 
  multiplicand    2    2[BANK0 ] unsigned int 
 Auto vars:     Size  Location     Type
  product         2    4[BANK0 ] unsigned int 
 Return value:  Size  Location     Type
                  2    0[BANK0 ] unsigned int 
 Registers used:
		wreg, status,2, status,0
 Tracked objects:
		On entry : 
		On exit  : 
		Unchanged: 
 Data sizes:     COMMON   BANK0   BANK1   BANK3   BANK2
      Params:         0       4       0       0       0
      Locals:         0       2       0       0       0
      Temps:          0       0       0       0       0
      Totals:         0       6       0       0       0
Total ram usage:        6 bytes
 Hardware stack levels used:    1
 Hardware stack levels required when called:    1
 This function calls:
		Nothing
 This function is called by:
		_sprintf
 This function uses a non-reentrant model


 *************** function ___lwmod *****************
 Defined at:
		line 6 in file "C:\Program Files (x86)\Microchip\xc8\v1.45\sources\common\lwmod.c"
 Parameters:    Size  Location     Type
  divisor         2    8[BANK0 ] unsigned int 
  dividend        2   10[BANK0 ] unsigned int 
 Auto vars:     Size  Location     Type
  counter         1   13[BANK0 ] unsigned char 
 Return value:  Size  Location     Type
                  2    8[BANK0 ] unsigned int 
 Registers used:
		wreg, status,2, status,0
 Tracked objects:
		On entry : 
		On exit  : 
		Unchanged: 
 Data sizes:     COMMON   BANK0   BANK1   BANK3   BANK2
      Params:         0       4       0       0       0
      Locals:         0       1       0       0       0
      Temps:          0       1       0       0       0
      Totals:         0       6       0       0       0
Total ram usage:        6 bytes
 Hardware stack levels used:    1
 Hardware stack levels required when called:    1
 This function calls:
		Nothing
 This function is called by:
		_sprintf
 This function uses a non-reentrant model


 *************** function ___lwdiv *****************
 Defined at:
		line 6 in file "C:\Program Files (x86)\Microchip\xc8\v1.45\sources\common\lwdiv.c"
 Parameters:    Size  Location     Type
  divisor         2    0[BANK0 ] unsigned int 
  dividend        2    2[BANK0 ] unsigned int 
 Auto vars:     Size  Location     Type
  quotient        2    6[BANK0 ] unsigned int 
  counter         1    5[BANK0 ] unsigned char 
 Return value:  Size  Location     Type
                  2    0[BANK0 ] unsigned int 
 Registers used:
		wreg, status,2, status,0
 Tracked objects:
		On entry : 
		On exit  : 
		Unchanged: 
 Data sizes:     COMMON   BANK0   BANK1   BANK3   BANK2
      Params:         0       4       0       0       0
      Locals:         0       3       0       0       0
      Temps:          0       1       0       0       0
      Totals:         0       8       0       0       0
Total ram usage:        8 bytes
 Hardware stack levels used:    1
 Hardware stack levels required when called:    1
 This function calls:
		Nothing
 This function is called by:
		_sprintf
 This function uses a non-reentrant model


 *************** function _correccion *****************
 Defined at:
		line 184 in file "lab5ej2.c"
 Parameters:    Size  Location     Type
		None
 Auto vars:     Size  Location     Type
  i               2    0[BANK0 ] int 
 Return value:  Size  Location     Type
                  1    wreg      void 
 Registers used:
		wreg, status,2, status,0, btemp+1
 Tracked objects:
		On entry : 
		On exit  : 
		Unchanged: 
 Data sizes:     COMMON   BANK0   BANK1   BANK3   BANK2
      Params:         0       0       0       0       0
      Locals:         0       2       0       0       0
      Temps:          0       0       0       0       0
      Totals:         0       2       0       0       0
Total ram usage:        2 bytes
 Hardware stack levels used:    1
 Hardware stack levels required when called:    1
 This function calls:
		Nothing
 This function is called by:
		_main
 This function uses a non-reentrant model


 *************** function ___ftge *****************
 Defined at:
		line 4 in file "C:\Program Files (x86)\Microchip\xc8\v1.45\sources\common\ftge.c"
 Parameters:    Size  Location     Type
  ff1             3    0[BANK0 ] float 
  ff2             3    3[BANK0 ] float 
 Auto vars:     Size  Location     Type
		None
 Return value:  Size  Location     Type
		None               void
 Registers used:
		wreg, status,2, status,0
 Tracked objects:
		On entry : 
		On exit  : 
		Unchanged: 
 Data sizes:     COMMON   BANK0   BANK1   BANK3   BANK2
      Params:         0       6       0       0       0
      Locals:         0       0       0       0       0
      Temps:          0       6       0       0       0
      Totals:         0      12       0       0       0
Total ram usage:       12 bytes
 Hardware stack levels used:    1
 Hardware stack levels required when called:    1
 This function calls:
		Nothing
 This function is called by:
		_main
 This function uses a non-reentrant model


 *************** function _InitUSART *****************
 Defined at:
		line 157 in file "lab5ej2.c"
 Parameters:    Size  Location     Type
		None
 Auto vars:     Size  Location     Type
		None
 Return value:  Size  Location     Type
                  1    wreg      void 
 Registers used:
		wreg
 Tracked objects:
		On entry : 
		On exit  : 
		Unchanged: 
 Data sizes:     COMMON   BANK0   BANK1   BANK3   BANK2
      Params:         0       0       0       0       0
      Locals:         0       0       0       0       0
      Temps:          0       0       0       0       0
      Totals:         0       0       0       0       0
Total ram usage:        0 bytes
 Hardware stack levels used:    1
 Hardware stack levels required when called:    1
 This function calls:
		Nothing
 This function is called by:
		_main
 This function uses a non-reentrant model


 *************** function _InitTMR1 *****************
 Defined at:
		line 145 in file "lab5ej2.c"
 Parameters:    Size  Location     Type
		None
 Auto vars:     Size  Location     Type
		None
 Return value:  Size  Location     Type
                  1    wreg      void 
 Registers used:
		wreg, status,2
 Tracked objects:
		On entry : 
		On exit  : 
		Unchanged: 
 Data sizes:     COMMON   BANK0   BANK1   BANK3   BANK2
      Params:         0       0       0       0       0
      Locals:         0       0       0       0       0
      Temps:          0       0       0       0       0
      Totals:         0       0       0       0       0
Total ram usage:        0 bytes
 Hardware stack levels used:    1
 Hardware stack levels required when called:    1
 This function calls:
		Nothing
 This function is called by:
		_main
 This function uses a non-reentrant model


 *************** function _InitES *****************
 Defined at:
		line 130 in file "lab5ej2.c"
 Parameters:    Size  Location     Type
		None
 Auto vars:     Size  Location     Type
		None
 Return value:  Size  Location     Type
                  1    wreg      void 
 Registers used:
		wreg, status,2
 Tracked objects:
		On entry : 
		On exit  : 
		Unchanged: 
 Data sizes:     COMMON   BANK0   BANK1   BANK3   BANK2
      Params:         0       0       0       0       0
      Locals:         0       0       0       0       0
      Temps:          0       0       0       0       0
      Totals:         0       0       0       0       0
Total ram usage:        0 bytes
 Hardware stack levels used:    1
 Hardware stack levels required when called:    1
 This function calls:
		Nothing
 This function is called by:
		_main
 This function uses a non-reentrant model


 *************** function _Adquisicion *****************
 Defined at:
		line 172 in file "lab5ej2.c"
 Parameters:    Size  Location     Type
		None
 Auto vars:     Size  Location     Type
		None
 Return value:  Size  Location     Type
                  1    wreg      void 
 Registers used:
		wreg, status,2, status,0, btemp+1, pclath, cstack
 Tracked objects:
		On entry : 
		On exit  : 
		Unchanged: 
 Data sizes:     COMMON   BANK0   BANK1   BANK3   BANK2
      Params:         0       0       0       0       0
      Locals:         0       3       0       0       0
      Temps:          0       2       0       0       0
      Totals:         0       5       0       0       0
Total ram usage:        5 bytes
 Hardware stack levels used:    1
 Hardware stack levels required when called:    3
 This function calls:
		___awdiv
		___awtoft
		___ftadd
		___ftmul
		___ftneg
		___fttol
 This function is called by:
		_main
 This function uses a non-reentrant model


 *************** function ___fttol *****************
 Defined at:
		line 44 in file "C:\Program Files (x86)\Microchip\xc8\v1.45\sources\common\fttol.c"
 Parameters:    Size  Location     Type
  f1              3   47[BANK0 ] float 
 Auto vars:     Size  Location     Type
  lval            4   56[BANK0 ] unsigned long 
  exp1            1   60[BANK0 ] unsigned char 
  sign1           1   55[BANK0 ] unsigned char 
 Return value:  Size  Location     Type
                  4   47[BANK0 ] long 
 Registers used:
		wreg, status,2, status,0
 Tracked objects:
		On entry : 
		On exit  : 
		Unchanged: 
 Data sizes:     COMMON   BANK0   BANK1   BANK3   BANK2
      Params:         0       4       0       0       0
      Locals:         0       6       0       0       0
      Temps:          0       4       0       0       0
      Totals:         0      14       0       0       0
Total ram usage:       14 bytes
 Hardware stack levels used:    1
 Hardware stack levels required when called:    1
 This function calls:
		Nothing
 This function is called by:
		_Adquisicion
 This function uses a non-reentrant model


 *************** function ___ftneg *****************
 Defined at:
		line 15 in file "C:\Program Files (x86)\Microchip\xc8\v1.45\sources\common\ftneg.c"
 Parameters:    Size  Location     Type
  f1              3   15[BANK0 ] float 
 Auto vars:     Size  Location     Type
		None
 Return value:  Size  Location     Type
                  3   15[BANK0 ] float 
 Registers used:
		wreg
 Tracked objects:
		On entry : 
		On exit  : 
		Unchanged: 
 Data sizes:     COMMON   BANK0   BANK1   BANK3   BANK2
      Params:         0       3       0       0       0
      Locals:         0       0       0       0       0
      Temps:          0       0       0       0       0
      Totals:         0       3       0       0       0
Total ram usage:        3 bytes
 Hardware stack levels used:    1
 Hardware stack levels required when called:    1
 This function calls:
		Nothing
 This function is called by:
		_Adquisicion
 This function uses a non-reentrant model


 *************** function ___ftmul *****************
 Defined at:
		line 62 in file "C:\Program Files (x86)\Microchip\xc8\v1.45\sources\common\ftmul.c"
 Parameters:    Size  Location     Type
  f1              3   18[BANK0 ] float 
  f2              3   21[BANK0 ] float 
 Auto vars:     Size  Location     Type
  f3_as_produc    3   29[BANK0 ] unsigned um
  sign            1   33[BANK0 ] unsigned char 
  cntr            1   32[BANK0 ] unsigned char 
  exp             1   28[BANK0 ] unsigned char 
 Return value:  Size  Location     Type
                  3   18[BANK0 ] float 
 Registers used:
		wreg, status,2, status,0, pclath, cstack
 Tracked objects:
		On entry : 
		On exit  : 
		Unchanged: 
 Data sizes:     COMMON   BANK0   BANK1   BANK3   BANK2
      Params:         0       6       0       0       0
      Locals:         0       6       0       0       0
      Temps:          0       4       0       0       0
      Totals:         0      16       0       0       0
Total ram usage:       16 bytes
 Hardware stack levels used:    1
 Hardware stack levels required when called:    2
 This function calls:
		___ftpack
 This function is called by:
		_Adquisicion
 This function uses a non-reentrant model


 *************** function ___ftadd *****************
 Defined at:
		line 86 in file "C:\Program Files (x86)\Microchip\xc8\v1.45\sources\common\ftadd.c"
 Parameters:    Size  Location     Type
  f1              3   34[BANK0 ] float 
  f2              3   37[BANK0 ] float 
 Auto vars:     Size  Location     Type
  exp1            1   46[BANK0 ] unsigned char 
  exp2            1   45[BANK0 ] unsigned char 
  sign            1   44[BANK0 ] unsigned char 
 Return value:  Size  Location     Type
                  3   34[BANK0 ] float 
 Registers used:
		wreg, status,2, status,0, pclath, cstack
 Tracked objects:
		On entry : 
		On exit  : 
		Unchanged: 
 Data sizes:     COMMON   BANK0   BANK1   BANK3   BANK2
      Params:         0       6       0       0       0
      Locals:         0       3       0       0       0
      Temps:          0       4       0       0       0
      Totals:         0      13       0       0       0
Total ram usage:       13 bytes
 Hardware stack levels used:    1
 Hardware stack levels required when called:    2
 This function calls:
		___ftpack
 This function is called by:
		_Adquisicion
 This function uses a non-reentrant model


 *************** function ___awtoft *****************
 Defined at:
		line 32 in file "C:\Program Files (x86)\Microchip\xc8\v1.45\sources\common\awtoft.c"
 Parameters:    Size  Location     Type
  c               2    9[BANK0 ] int 
 Auto vars:     Size  Location     Type
  sign            1   14[BANK0 ] unsigned char 
 Return value:  Size  Location     Type
                  3    9[BANK0 ] float 
 Registers used:
		wreg, status,2, status,0, pclath, cstack
 Tracked objects:
		On entry : 
		On exit  : 
		Unchanged: 
 Data sizes:     COMMON   BANK0   BANK1   BANK3   BANK2
      Params:         0       3       0       0       0
      Locals:         0       1       0       0       0
      Temps:          0       2       0       0       0
      Totals:         0       6       0       0       0
Total ram usage:        6 bytes
 Hardware stack levels used:    1
 Hardware stack levels required when called:    2
 This function calls:
		___ftpack
 This function is called by:
		_Adquisicion
 This function uses a non-reentrant model


 *************** function ___ftpack *****************
 Defined at:
		line 62 in file "C:\Program Files (x86)\Microchip\xc8\v1.45\sources\common\float.c"
 Parameters:    Size  Location     Type
  arg             3    0[BANK0 ] unsigned um
  exp             1    3[BANK0 ] unsigned char 
  sign            1    4[BANK0 ] unsigned char 
 Auto vars:     Size  Location     Type
		None
 Return value:  Size  Location     Type
                  3    0[BANK0 ] float 
 Registers used:
		wreg, status,2, status,0
 Tracked objects:
		On entry : 
		On exit  : 
		Unchanged: 
 Data sizes:     COMMON   BANK0   BANK1   BANK3   BANK2
      Params:         0       5       0       0       0
      Locals:         0       0       0       0       0
      Temps:          0       3       0       0       0
      Totals:         0       8       0       0       0
Total ram usage:        8 bytes
 Hardware stack levels used:    1
 Hardware stack levels required when called:    1
 This function calls:
		Nothing
 This function is called by:
		___awtoft
		___ftadd
		___ftmul
 This function uses a non-reentrant model


 *************** function ___awdiv *****************
 Defined at:
		line 6 in file "C:\Program Files (x86)\Microchip\xc8\v1.45\sources\common\awdiv.c"
 Parameters:    Size  Location     Type
  divisor         2    0[BANK0 ] int 
  dividend        2    2[BANK0 ] int 
 Auto vars:     Size  Location     Type
  quotient        2    7[BANK0 ] int 
  sign            1    6[BANK0 ] unsigned char 
  counter         1    5[BANK0 ] unsigned char 
 Return value:  Size  Location     Type
                  2    0[BANK0 ] int 
 Registers used:
		wreg, status,2, status,0
 Tracked objects:
		On entry : 
		On exit  : 
		Unchanged: 
 Data sizes:     COMMON   BANK0   BANK1   BANK3   BANK2
      Params:         0       4       0       0       0
      Locals:         0       4       0       0       0
      Temps:          0       1       0       0       0
      Totals:         0       9       0       0       0
Total ram usage:        9 bytes
 Hardware stack levels used:    1
 Hardware stack levels required when called:    1
 This function calls:
		Nothing
 This function is called by:
		_Adquisicion
 This function uses a non-reentrant model


 *************** function _rutinainterrupciones *****************
 Defined at:
		line 47 in file "lab5ej2.c"
 Parameters:    Size  Location     Type
		None
 Auto vars:     Size  Location     Type
		None
 Return value:  Size  Location     Type
                  1    wreg      void 
 Registers used:
		wreg, status,2, status,0
 Tracked objects:
		On entry : 
		On exit  : 
		Unchanged: 
 Data sizes:     COMMON   BANK0   BANK1   BANK3   BANK2
      Params:         0       0       0       0       0
      Locals:         0       0       0       0       0
      Temps:          5       0       0       0       0
      Totals:         5       0       0       0       0
Total ram usage:        5 bytes
 Hardware stack levels used:    1
 This function calls:
		Nothing
 This function is called by:
		Interrupt level 1
 This function uses a non-reentrant model



MODULE INFORMATION

Module		Function		Class		Link	Load	Size
C:\Program Files (x86)\Microchip\xc8\v1.45\sources\common\ftneg.c
		___ftneg       		CODE           	0ECE	0000	11

C:\Program Files (x86)\Microchip\xc8\v1.45\sources\common\ftneg.c estimated size: 11

C:\Program Files (x86)\Microchip\xc8\v1.45\sources\common\float.c
		___ftpack      		CODE           	0657	0000	111

C:\Program Files (x86)\Microchip\xc8\v1.45\sources\common\float.c estimated size: 111

C:\Program Files (x86)\Microchip\xc8\v1.45\sources\common\doprnt.c
		_sprintf       		CODE           	0032	0000	375

C:\Program Files (x86)\Microchip\xc8\v1.45\sources\common\doprnt.c estimated size: 375

C:\Program Files (x86)\Microchip\xc8\v1.45\sources\common\Umul16.c
		___wmul        		CODE           	0F43	0000	36

C:\Program Files (x86)\Microchip\xc8\v1.45\sources\common\Umul16.c estimated size: 36

C:\Program Files (x86)\Microchip\xc8\v1.45\sources\common\ftge.c
		___ftge        		CODE           	06C5	0000	96

C:\Program Files (x86)\Microchip\xc8\v1.45\sources\common\ftge.c estimated size: 96

C:\Program Files (x86)\Microchip\xc8\v1.45\sources\common\isdigit.c
		_isdigit       		CODE           	0ED8	0000	17

C:\Program Files (x86)\Microchip\xc8\v1.45\sources\common\isdigit.c estimated size: 17

C:\Program Files (x86)\Microchip\xc8\v1.45\sources\common\lwmod.c
		___lwmod       		CODE           	0F8E	0000	53

C:\Program Files (x86)\Microchip\xc8\v1.45\sources\common\lwmod.c estimated size: 53

C:\Program Files (x86)\Microchip\xc8\v1.45\sources\common\ftmul.c
		___ftmul       		CODE           	04F6	0000	212

C:\Program Files (x86)\Microchip\xc8\v1.45\sources\common\ftmul.c estimated size: 212

lab5ej2.c
		_InitTMR1      		CODE           	0F11	0000	22
		_InitES        		CODE           	0EFC	0000	22
		_rutinainterrupciones		CODE           	0F26	0000	30
		_main          		CODE           	03EE	0000	265
		_InitUSART     		CODE           	0EE8	0000	21
		_Adquisicion   		CODE           	01A8	0000	318
		_correccion    		CODE           	0F66	0000	41

lab5ej2.c estimated size: 719

shared
		__stringtab    		STRING         	0724	0000	7
		_dpowers       		STRING         	072A	0000	11
		__initialization		CODE           	0015	0000	26

shared estimated size: 44

C:\Program Files (x86)\Microchip\xc8\v1.45\sources\common\fttol.c
		___fttol       		CODE           	05C9	0000	143

C:\Program Files (x86)\Microchip\xc8\v1.45\sources\common\fttol.c estimated size: 143

C:\Program Files (x86)\Microchip\xc8\v1.45\sources\common\awtoft.c
		___awtoft      		CODE           	07DB	0000	38

C:\Program Files (x86)\Microchip\xc8\v1.45\sources\common\awtoft.c estimated size: 38

C:\Program Files (x86)\Microchip\xc8\v1.45\sources\common\lwdiv.c
		___lwdiv       		CODE           	0FC2	0000	63

C:\Program Files (x86)\Microchip\xc8\v1.45\sources\common\lwdiv.c estimated size: 63

C:\Program Files (x86)\Microchip\xc8\v1.45\sources\common\awdiv.c
		___awdiv       		CODE           	0780	0000	92

C:\Program Files (x86)\Microchip\xc8\v1.45\sources\common\awdiv.c estimated size: 92

C:\Program Files (x86)\Microchip\xc8\v1.45\sources\common\ftadd.c
		___ftadd       		CODE           	02E5	0000	266

C:\Program Files (x86)\Microchip\xc8\v1.45\sources\common\ftadd.c estimated size: 266

